Archive member included to satisfy reference by file (symbol)

C:/ST/STM32CubeIDE_1.14.0/STM32CubeIDE/plugins/com.st.stm32cube.ide.mcu.externaltools.gnu-tools-for-stm32.11.3.rel1.win32_1.1.100.202309141235/tools/bin/../lib/gcc/arm-none-eabi/11.3.1/../../../../arm-none-eabi/lib/thumb/v7e-m+fp/hard\libc_nano.a(libc_a-exit.o)
                              C:/ST/STM32CubeIDE_1.14.0/STM32CubeIDE/plugins/com.st.stm32cube.ide.mcu.externaltools.gnu-tools-for-stm32.11.3.rel1.win32_1.1.100.202309141235/tools/bin/../lib/gcc/arm-none-eabi/11.3.1/../../../../arm-none-eabi/lib/thumb/v7e-m+fp/hard/crt0.o (exit)
C:/ST/STM32CubeIDE_1.14.0/STM32CubeIDE/plugins/com.st.stm32cube.ide.mcu.externaltools.gnu-tools-for-stm32.11.3.rel1.win32_1.1.100.202309141235/tools/bin/../lib/gcc/arm-none-eabi/11.3.1/../../../../arm-none-eabi/lib/thumb/v7e-m+fp/hard\libc_nano.a(libc_a-findfp.o)
                              C:/ST/STM32CubeIDE_1.14.0/STM32CubeIDE/plugins/com.st.stm32cube.ide.mcu.externaltools.gnu-tools-for-stm32.11.3.rel1.win32_1.1.100.202309141235/tools/bin/../lib/gcc/arm-none-eabi/11.3.1/../../../../arm-none-eabi/lib/thumb/v7e-m+fp/hard\libc_nano.a(libc_a-exit.o) (__stdio_exit_handler)
C:/ST/STM32CubeIDE_1.14.0/STM32CubeIDE/plugins/com.st.stm32cube.ide.mcu.externaltools.gnu-tools-for-stm32.11.3.rel1.win32_1.1.100.202309141235/tools/bin/../lib/gcc/arm-none-eabi/11.3.1/../../../../arm-none-eabi/lib/thumb/v7e-m+fp/hard\libc_nano.a(libc_a-fwalk.o)
                              C:/ST/STM32CubeIDE_1.14.0/STM32CubeIDE/plugins/com.st.stm32cube.ide.mcu.externaltools.gnu-tools-for-stm32.11.3.rel1.win32_1.1.100.202309141235/tools/bin/../lib/gcc/arm-none-eabi/11.3.1/../../../../arm-none-eabi/lib/thumb/v7e-m+fp/hard\libc_nano.a(libc_a-findfp.o) (_fwalk_sglue)
C:/ST/STM32CubeIDE_1.14.0/STM32CubeIDE/plugins/com.st.stm32cube.ide.mcu.externaltools.gnu-tools-for-stm32.11.3.rel1.win32_1.1.100.202309141235/tools/bin/../lib/gcc/arm-none-eabi/11.3.1/../../../../arm-none-eabi/lib/thumb/v7e-m+fp/hard\libc_nano.a(libc_a-stdio.o)
                              C:/ST/STM32CubeIDE_1.14.0/STM32CubeIDE/plugins/com.st.stm32cube.ide.mcu.externaltools.gnu-tools-for-stm32.11.3.rel1.win32_1.1.100.202309141235/tools/bin/../lib/gcc/arm-none-eabi/11.3.1/../../../../arm-none-eabi/lib/thumb/v7e-m+fp/hard\libc_nano.a(libc_a-findfp.o) (__sread)
C:/ST/STM32CubeIDE_1.14.0/STM32CubeIDE/plugins/com.st.stm32cube.ide.mcu.externaltools.gnu-tools-for-stm32.11.3.rel1.win32_1.1.100.202309141235/tools/bin/../lib/gcc/arm-none-eabi/11.3.1/../../../../arm-none-eabi/lib/thumb/v7e-m+fp/hard\libc_nano.a(libc_a-memset.o)
                              C:/ST/STM32CubeIDE_1.14.0/STM32CubeIDE/plugins/com.st.stm32cube.ide.mcu.externaltools.gnu-tools-for-stm32.11.3.rel1.win32_1.1.100.202309141235/tools/bin/../lib/gcc/arm-none-eabi/11.3.1/../../../../arm-none-eabi/lib/thumb/v7e-m+fp/hard/crt0.o (memset)
C:/ST/STM32CubeIDE_1.14.0/STM32CubeIDE/plugins/com.st.stm32cube.ide.mcu.externaltools.gnu-tools-for-stm32.11.3.rel1.win32_1.1.100.202309141235/tools/bin/../lib/gcc/arm-none-eabi/11.3.1/../../../../arm-none-eabi/lib/thumb/v7e-m+fp/hard\libc_nano.a(libc_a-closer.o)
                              C:/ST/STM32CubeIDE_1.14.0/STM32CubeIDE/plugins/com.st.stm32cube.ide.mcu.externaltools.gnu-tools-for-stm32.11.3.rel1.win32_1.1.100.202309141235/tools/bin/../lib/gcc/arm-none-eabi/11.3.1/../../../../arm-none-eabi/lib/thumb/v7e-m+fp/hard\libc_nano.a(libc_a-stdio.o) (_close_r)
C:/ST/STM32CubeIDE_1.14.0/STM32CubeIDE/plugins/com.st.stm32cube.ide.mcu.externaltools.gnu-tools-for-stm32.11.3.rel1.win32_1.1.100.202309141235/tools/bin/../lib/gcc/arm-none-eabi/11.3.1/../../../../arm-none-eabi/lib/thumb/v7e-m+fp/hard\libc_nano.a(libc_a-reent.o)
                              C:/ST/STM32CubeIDE_1.14.0/STM32CubeIDE/plugins/com.st.stm32cube.ide.mcu.externaltools.gnu-tools-for-stm32.11.3.rel1.win32_1.1.100.202309141235/tools/bin/../lib/gcc/arm-none-eabi/11.3.1/../../../../arm-none-eabi/lib/thumb/v7e-m+fp/hard\libc_nano.a(libc_a-closer.o) (errno)
C:/ST/STM32CubeIDE_1.14.0/STM32CubeIDE/plugins/com.st.stm32cube.ide.mcu.externaltools.gnu-tools-for-stm32.11.3.rel1.win32_1.1.100.202309141235/tools/bin/../lib/gcc/arm-none-eabi/11.3.1/../../../../arm-none-eabi/lib/thumb/v7e-m+fp/hard\libc_nano.a(libc_a-impure.o)
                              C:/ST/STM32CubeIDE_1.14.0/STM32CubeIDE/plugins/com.st.stm32cube.ide.mcu.externaltools.gnu-tools-for-stm32.11.3.rel1.win32_1.1.100.202309141235/tools/bin/../lib/gcc/arm-none-eabi/11.3.1/../../../../arm-none-eabi/lib/thumb/v7e-m+fp/hard\libc_nano.a(libc_a-reent.o) (_impure_ptr)
C:/ST/STM32CubeIDE_1.14.0/STM32CubeIDE/plugins/com.st.stm32cube.ide.mcu.externaltools.gnu-tools-for-stm32.11.3.rel1.win32_1.1.100.202309141235/tools/bin/../lib/gcc/arm-none-eabi/11.3.1/../../../../arm-none-eabi/lib/thumb/v7e-m+fp/hard\libc_nano.a(libc_a-lseekr.o)
[...]
Memory Configuration

Name             Origin             Length             Attributes
CCMSRAM          0x0000000010000000 0x0000000000008000 xrw
RAM              0x0000000020000000 0x0000000000020000 xrw
FLASH            0x0000000008000000 0x0000000000080000 xr
*default*        0x0000000000000000 0xffffffffffffffff

Linker script and memory map

LOAD C:/ST/STM32CubeIDE_1.14.0/STM32CubeIDE/plugins/com.st.stm32cube.ide.mcu.externaltools.gnu-tools-for-stm32.11.3.rel1.win32_1.1.100.202309141235/tools/bin/../lib/gcc/arm-none-eabi/11.3.1/thumb/v7e-m+fp/hard/crti.o
LOAD C:/ST/STM32CubeIDE_1.14.0/STM32CubeIDE/plugins/com.st.stm32cube.ide.mcu.externaltools.gnu-tools-for-stm32.11.3.rel1.win32_1.1.100.202309141235/tools/bin/../lib/gcc/arm-none-eabi/11.3.1/thumb/v7e-m+fp/hard/crtbegin.o
LOAD C:/ST/STM32CubeIDE_1.14.0/STM32CubeIDE/plugins/com.st.stm32cube.ide.mcu.externaltools.gnu-tools-for-stm32.11.3.rel1.win32_1.1.100.202309141235/tools/bin/../lib/gcc/arm-none-eabi/11.3.1/../../../../arm-none-eabi/lib/thumb/v7e-m+fp/hard/crt0.o
LOAD ./src/ap/ap.o
LOAD ./src/bsp/bsp.o
LOAD ./src/bsp/syscalls.o
LOAD ./src/bsp/sysmem.o
LOAD ./src/bsp/startup/startup_stm32g474retx.o
LOAD ./src/hw/hw.o
LOAD ./src/main.o
START GROUP
LOAD C:/ST/STM32CubeIDE_1.14.0/STM32CubeIDE/plugins/com.st.stm32cube.ide.mcu.externaltools.gnu-tools-for-stm32.11.3.rel1.win32_1.1.100.202309141235/tools/bin/../lib/gcc/arm-none-eabi/11.3.1/../../../../arm-none-eabi/lib/thumb/v7e-m+fp/hard\libc_nano.a
LOAD C:/ST/STM32CubeIDE_1.14.0/STM32CubeIDE/plugins/com.st.stm32cube.ide.mcu.externaltools.gnu-tools-for-stm32.11.3.rel1.win32_1.1.100.202309141235/tools/bin/../lib/gcc/arm-none-eabi/11.3.1/../../../../arm-none-eabi/lib/thumb/v7e-m+fp/hard\libm.a
END GROUP
START GROUP
LOAD C:/ST/STM32CubeIDE_1.14.0/STM32CubeIDE/plugins/com.st.stm32cube.ide.mcu.externaltools.gnu-tools-for-stm32.11.3.rel1.win32_1.1.100.202309141235/tools/bin/../lib/gcc/arm-none-eabi/11.3.1/thumb/v7e-m+fp/hard\libgcc.a
LOAD C:/ST/STM32CubeIDE_1.14.0/STM32CubeIDE/plugins/com.st.stm32cube.ide.mcu.externaltools.gnu-tools-for-stm32.11.3.rel1.win32_1.1.100.202309141235/tools/bin/../lib/gcc/arm-none-eabi/11.3.1/../../../../arm-none-eabi/lib/thumb/v7e-m+fp/hard\libc_nano.a
END GROUP
START GROUP
LOAD C:/ST/STM32CubeIDE_1.14.0/STM32CubeIDE/plugins/com.st.stm32cube.ide.mcu.externaltools.gnu-tools-for-stm32.11.3.rel1.win32_1.1.100.202309141235/tools/bin/../lib/gcc/arm-none-eabi/11.3.1/thumb/v7e-m+fp/hard\libgcc.a
LOAD C:/ST/STM32CubeIDE_1.14.0/STM32CubeIDE/plugins/com.st.stm32cube.ide.mcu.externaltools.gnu-tools-for-stm32.11.3.rel1.win32_1.1.100.202309141235/tools/bin/../lib/gcc/arm-none-eabi/11.3.1/../../../../arm-none-eabi/lib/thumb/v7e-m+fp/hard\libc_nano.a
LOAD C:/ST/STM32CubeIDE_1.14.0/STM32CubeIDE/plugins/com.st.stm32cube.ide.mcu.externaltools.gnu-tools-for-stm32.11.3.rel1.win32_1.1.100.202309141235/tools/bin/../lib/gcc/arm-none-eabi/11.3.1/../../../../arm-none-eabi/lib/thumb/v7e-m+fp/hard\libnosys.a
END GROUP
START GROUP
LOAD C:/ST/STM32CubeIDE_1.14.0/STM32CubeIDE/plugins/com.st.stm32cube.ide.mcu.externaltools.gnu-tools-for-stm32.11.3.rel1.win32_1.1.100.202309141235/tools/bin/../lib/gcc/arm-none-eabi/11.3.1/thumb/v7e-m+fp/hard\libgcc.a
LOAD C:/ST/STM32CubeIDE_1.14.0/STM32CubeIDE/plugins/com.st.stm32cube.ide.mcu.externaltools.gnu-tools-for-stm32.11.3.rel1.win32_1.1.100.202309141235/tools/bin/../lib/gcc/arm-none-eabi/11.3.1/../../../../arm-none-eabi/lib/thumb/v7e-m+fp/hard\libc_nano.a
LOAD C:/ST/STM32CubeIDE_1.14.0/STM32CubeIDE/plugins/com.st.stm32cube.ide.mcu.externaltools.gnu-tools-for-stm32.11.3.rel1.win32_1.1.100.202309141235/tools/bin/../lib/gcc/arm-none-eabi/11.3.1/../../../../arm-none-eabi/lib/thumb/v7e-m+fp/hard\libnosys.a
END GROUP
LOAD C:/ST/STM32CubeIDE_1.14.0/STM32CubeIDE/plugins/com.st.stm32cube.ide.mcu.externaltools.gnu-tools-for-stm32.11.3.rel1.win32_1.1.100.202309141235/tools/bin/../lib/gcc/arm-none-eabi/11.3.1/thumb/v7e-m+fp/hard/crtend.o
LOAD C:/ST/STM32CubeIDE_1.14.0/STM32CubeIDE/plugins/com.st.stm32cube.ide.mcu.externaltools.gnu-tools-for-stm32.11.3.rel1.win32_1.1.100.202309141235/tools/bin/../lib/gcc/arm-none-eabi/11.3.1/thumb/v7e-m+fp/hard/crtn.o
                0x0000000020020000                _estack = (ORIGIN (RAM) + LENGTH (RAM))
                0x0000000000000200                _Min_Heap_Size = 0x200
                0x0000000000000400                _Min_Stack_Size = 0x400

.isr_vector     0x0000000008000000      0x1d8
                0x0000000008000000                . = ALIGN (0x4)
 *(.isr_vector)
 .isr_vector    0x0000000008000000      0x1d8 ./src/bsp/startup/startup_stm32g474retx.o
                0x0000000008000000                g_pfnVectors
                0x00000000080001d8                . = ALIGN (0x4)

.text           0x00000000080001d8      0x12c
                0x00000000080001d8                . = ALIGN (0x4)
 *(.text)
 .text          0x00000000080001d8       0x40 C:/ST/STM32CubeIDE_1.14.0/STM32CubeIDE/plugins/com.st.stm32cube.ide.mcu.externaltools.gnu-tools-for-stm32.11.3.rel1.win32_1.1.100.202309141235/tools/bin/../lib/gcc/arm-none-eabi/11.3.1/thumb/v7e-m+fp/hard/crtbegin.o
 *(.text*)
 .text.apInit   0x0000000008000218        0xe ./src/ap/ap.o
                0x0000000008000218                apInit
 .text.apMain   0x0000000008000226        0x6 ./src/ap/ap.o
                0x0000000008000226                apMain
 .text.Reset_Handler
                0x000000000800022c       0x50 ./src/bsp/startup/startup_stm32g474retx.o
                0x000000000800022c                Reset_Handler
 .text.Default_Handler
                0x000000000800027c        0x2 ./src/bsp/startup/startup_stm32g474retx.o
                0x000000000800027c                EXTI2_IRQHandler
                0x000000000800027c                TIM8_TRG_COM_IRQHandler
                0x000000000800027c                TIM8_CC_IRQHandler
                0x000000000800027c                DMA2_CH8_IRQHandler
                0x000000000800027c                DebugMon_Handler
                0x000000000800027c                DMA1_CH4_IRQHandler
                0x000000000800027c                SPI4_IRQHandler
                0x000000000800027c                HRTIM_TIM_FLT_IRQn_IRQHandler
                0x000000000800027c                FDCAN3_IT0_IRQHandler
                0x000000000800027c                TIM1_CC_IRQHandler
                0x000000000800027c                Cordic_IRQHandler
                0x000000000800027c                HardFault_Handler
                0x000000000800027c                USB_HP_IRQHandler
                0x000000000800027c                SysTick_Handler
                0x000000000800027c                PendSV_Handler
                0x000000000800027c                NMI_Handler
                0x000000000800027c                HRTIM_TIMD_IRQn_IRQHandler
                0x000000000800027c                EXTI3_IRQHandler
                0x000000000800027c                I2C3_ER_IRQHandler
                0x000000000800027c                HRTIM_Master_IRQn_IRQHandler
                0x000000000800027c                DMA1_CH8_IRQHandler
                0x000000000800027c                TIM6_DACUNDER_IRQHandler
                0x000000000800027c                EXTI0_IRQHandler
                0x000000000800027c                I2C2_EV_IRQHandler
                0x000000000800027c                DMA2_CH1_IRQHandler
                0x000000000800027c                FDCAN1_IT1_IRQHandler
                0x000000000800027c                TIM1_UP_TIM16_IRQHandler
                0x000000000800027c                DMA2_CH7_IRQHandler
                0x000000000800027c                UsageFault_Handler
                0x000000000800027c                ADC1_2_IRQHandler
                0x000000000800027c                SPI1_IRQHandler
                0x000000000800027c                DMA1_CH7_IRQHandler
                0x000000000800027c                HRTIM_TIMB_IRQn_IRQHandler
                0x000000000800027c                TIM8_UP_IRQHandler
                0x000000000800027c                USBWakeUP_IRQHandler
                0x000000000800027c                RTC_ALARM_IRQHandler
                0x000000000800027c                DMA1_CH6_IRQHandler
                0x000000000800027c                TIM20_TRG_COM_IRQHandler
                0x000000000800027c                USART3_IRQHandler
                0x000000000800027c                LPUART_IRQHandler
                0x000000000800027c                UART5_IRQHandler
                0x000000000800027c                ADC3_IRQHandler
                0x000000000800027c                TIM4_IRQHandler
                0x000000000800027c                QUADSPI_IRQHandler
                0x000000000800027c                I2C1_EV_IRQHandler
                0x000000000800027c                DMA2_CH5_IRQHandler
                0x000000000800027c                UART4_IRQHandler
                0x000000000800027c                DMA1_CH3_IRQHandler
                0x000000000800027c                TIM3_IRQHandler
                0x000000000800027c                RCC_IRQHandler
                0x000000000800027c                TIM20_UP_IRQHandler
                0x000000000800027c                TIM1_TRG_COM_IRQHandler
                0x000000000800027c                Default_Handler
                0x000000000800027c                FMAC_IRQHandler
                0x000000000800027c                EXTI15_10_IRQHandler
                0x000000000800027c                TIM7_IRQHandler
                0x000000000800027c                FDCAN3_IT1_IRQHandler
                0x000000000800027c                TIM5_IRQHandler
                0x000000000800027c                UCPD1_IRQHandler
                0x000000000800027c                I2C3_EV_IRQHandler
                0x000000000800027c                EXTI9_5_IRQHandler
                0x000000000800027c                DMA1_CH2_IRQHandler
                0x000000000800027c                RTC_WKUP_IRQHandler
                0x000000000800027c                SAI_IRQHandler
                0x000000000800027c                PVD_PVM_IRQHandler
                0x000000000800027c                SPI2_IRQHandler
                0x000000000800027c                DMA1_CH1_IRQHandler
                0x000000000800027c                MemManage_Handler
                0x000000000800027c                ADC5_IRQHandler
                0x000000000800027c                SVC_Handler
                0x000000000800027c                CRS_IRQHandler
                0x000000000800027c                USB_LP_IRQHandler
                0x000000000800027c                EXTI4_IRQHandler
                0x000000000800027c                RNG_IRQHandler
                0x000000000800027c                FDCAN2_IT1_IRQHandler
                0x000000000800027c                HRTIM_TIMF_IRQn_IRQHandler
                0x000000000800027c                ADC4_IRQHandler
                0x000000000800027c                HRTIM_TIMA_IRQn_IRQHandler
                0x000000000800027c                WWDG_IRQHandler
                0x000000000800027c                I2C4_EV_IRQHandler
                0x000000000800027c                FDCAN2_IT0_IRQHandler
                0x000000000800027c                FDCAN1_IT0_IRQHandler
                0x000000000800027c                TIM2_IRQHandler
                0x000000000800027c                COMP7_IRQHandler
                0x000000000800027c                COMP1_2_3_IRQHandler
                0x000000000800027c                EXTI1_IRQHandler
                0x000000000800027c                HRTIM_TIMC_IRQn_IRQHandler
                0x000000000800027c                USART2_IRQHandler
                0x000000000800027c                COMP4_5_6_IRQHandler
                0x000000000800027c                TIM20_BRK_IRQHandler
                0x000000000800027c                I2C2_ER_IRQHandler
                0x000000000800027c                TIM8_BRK_IRQHandler
                0x000000000800027c                FLASH_IRQHandler
                0x000000000800027c                TIM20_CC_IRQHandler
                0x000000000800027c                BusFault_Handler
                0x000000000800027c                USART1_IRQHandler
                0x000000000800027c                SPI3_IRQHandler
                0x000000000800027c                DMA2_CH6_IRQHandler
                0x000000000800027c                DMA2_CH3_IRQHandler
                0x000000000800027c                DMA2_CH2_IRQHandler
                0x000000000800027c                I2C1_ER_IRQHandler
                0x000000000800027c                FMC_IRQHandler
                0x000000000800027c                DMA1_CH5_IRQHandler
                0x000000000800027c                DMA2_CH4_IRQHandler
                0x000000000800027c                LPTIM1_IRQHandler
                0x000000000800027c                DMAMUX_OVR_IRQHandler
                0x000000000800027c                I2C4_ER_IRQHandler
                0x000000000800027c                HRTIM_TIME_IRQn_IRQHandler
                0x000000000800027c                RTC_TAMP_CSS_LSE_IRQHandler
                0x000000000800027c                TIM1_BRK_TIM15_IRQHandler
 .text.hwInit   0x000000000800027e        0xe ./src/hw/hw.o
                0x000000000800027e                hwInit
 .text.main     0x000000000800028c       0x16 ./src/main.o
                0x000000000800028c                main
 *fill*         0x00000000080002a2        0x2 
 .text.__libc_init_array
                0x00000000080002a4       0x48 C:/ST/STM32CubeIDE_1.14.0/STM32CubeIDE/plugins/com.st.stm32cube.ide.mcu.externaltools.gnu-tools-for-stm32.11.3.rel1.win32_1.1.100.202309141235/tools/bin/../lib/gcc/arm-none-eabi/11.3.1/../../../../arm-none-eabi/lib/thumb/v7e-m+fp/hard\libc_nano.a(libc_a-init.o)
                0x00000000080002a4                __libc_init_array
 *(.glue_7)
 .glue_7        0x00000000080002ec        0x0 linker stubs
 *(.glue_7t)
 .glue_7t       0x00000000080002ec        0x0 linker stubs
 *(.eh_frame)
 .eh_frame      0x00000000080002ec        0x0 C:/ST/STM32CubeIDE_1.14.0/STM32CubeIDE/plugins/com.st.stm32cube.ide.mcu.externaltools.gnu-tools-for-stm32.11.3.rel1.win32_1.1.100.202309141235/tools/bin/../lib/gcc/arm-none-eabi/11.3.1/thumb/v7e-m+fp/hard/crtbegin.o
 *(.init)
 .init          0x00000000080002ec        0x4 C:/ST/STM32CubeIDE_1.14.0/STM32CubeIDE/plugins/com.st.stm32cube.ide.mcu.externaltools.gnu-tools-for-stm32.11.3.rel1.win32_1.1.100.202309141235/tools/bin/../lib/gcc/arm-none-eabi/11.3.1/thumb/v7e-m+fp/hard/crti.o
                0x00000000080002ec                _init
 .init          0x00000000080002f0        0x8 C:/ST/STM32CubeIDE_1.14.0/STM32CubeIDE/plugins/com.st.stm32cube.ide.mcu.externaltools.gnu-tools-for-stm32.11.3.rel1.win32_1.1.100.202309141235/tools/bin/../lib/gcc/arm-none-eabi/11.3.1/thumb/v7e-m+fp/hard/crtn.o
 *(.fini)
 .fini          0x00000000080002f8        0x4 C:/ST/STM32CubeIDE_1.14.0/STM32CubeIDE/plugins/com.st.stm32cube.ide.mcu.externaltools.gnu-tools-for-stm32.11.3.rel1.win32_1.1.100.202309141235/tools/bin/../lib/gcc/arm-none-eabi/11.3.1/thumb/v7e-m+fp/hard/crti.o
                0x00000000080002f8                _fini
 .fini          0x00000000080002fc        0x8 C:/ST/STM32CubeIDE_1.14.0/STM32CubeIDE/plugins/com.st.stm32cube.ide.mcu.externaltools.gnu-tools-for-stm32.11.3.rel1.win32_1.1.100.202309141235/tools/bin/../lib/gcc/arm-none-eabi/11.3.1/thumb/v7e-m+fp/hard/crtn.o
                0x0000000008000304                . = ALIGN (0x4)
                0x0000000008000304                _etext = .

.vfp11_veneer   0x0000000008000304        0x0
 .vfp11_veneer  0x0000000008000304        0x0 linker stubs

.v4_bx          0x0000000008000304        0x0
 .v4_bx         0x0000000008000304        0x0 linker stubs

.iplt           0x0000000008000304        0x0
 .iplt          0x0000000008000304        0x0 C:/ST/STM32CubeIDE_1.14.0/STM32CubeIDE/plugins/com.st.stm32cube.ide.mcu.externaltools.gnu-tools-for-stm32.11.3.rel1.win32_1.1.100.202309141235/tools/bin/../lib/gcc/arm-none-eabi/11.3.1/thumb/v7e-m+fp/hard/crtbegin.o

.rel.dyn        0x0000000008000304        0x0
 .rel.iplt      0x0000000008000304        0x0 C:/ST/STM32CubeIDE_1.14.0/STM32CubeIDE/plugins/com.st.stm32cube.ide.mcu.externaltools.gnu-tools-for-stm32.11.3.rel1.win32_1.1.100.202309141235/tools/bin/../lib/gcc/arm-none-eabi/11.3.1/thumb/v7e-m+fp/hard/crtbegin.o

.rodata         0x0000000008000304        0x0
                0x0000000008000304                . = ALIGN (0x4)
 *(.rodata)
 *(.rodata*)
                0x0000000008000304                . = ALIGN (0x4)

.ARM.extab      0x0000000008000304        0x0
                0x0000000008000304                . = ALIGN (0x4)
 *(.ARM.extab* .gnu.linkonce.armextab.*)
                0x0000000008000304                . = ALIGN (0x4)

.ARM            0x0000000008000304        0x0
                0x0000000008000304                . = ALIGN (0x4)
                0x0000000008000304                __exidx_start = .
 *(.ARM.exidx*)
                0x0000000008000304                __exidx_end = .
                0x0000000008000304                . = ALIGN (0x4)

.preinit_array  0x0000000008000304        0x0
                0x0000000008000304                . = ALIGN (0x4)
                0x0000000008000304                PROVIDE (__preinit_array_start = .)
 *(.preinit_array*)
                0x0000000008000304                PROVIDE (__preinit_array_end = .)
                0x0000000008000304                . = ALIGN (0x4)

.init_array     0x0000000008000304        0x4
                0x0000000008000304                . = ALIGN (0x4)
                0x0000000008000304                PROVIDE (__init_array_start = .)
 *(SORT_BY_NAME(.init_array.*))
 *(.init_array*)
 .init_array    0x0000000008000304        0x4 C:/ST/STM32CubeIDE_1.14.0/STM32CubeIDE/plugins/com.st.stm32cube.ide.mcu.externaltools.gnu-tools-for-stm32.11.3.rel1.win32_1.1.100.202309141235/tools/bin/../lib/gcc/arm-none-eabi/11.3.1/thumb/v7e-m+fp/hard/crtbegin.o
                0x0000000008000308                PROVIDE (__init_array_end = .)
                0x0000000008000308                . = ALIGN (0x4)

.fini_array     0x0000000008000308        0x4
                0x0000000008000308                . = ALIGN (0x4)
                [!provide]                        PROVIDE (__fini_array_start = .)
 *(SORT_BY_NAME(.fini_array.*))
 *(.fini_array*)
 .fini_array    0x0000000008000308        0x4 C:/ST/STM32CubeIDE_1.14.0/STM32CubeIDE/plugins/com.st.stm32cube.ide.mcu.externaltools.gnu-tools-for-stm32.11.3.rel1.win32_1.1.100.202309141235/tools/bin/../lib/gcc/arm-none-eabi/11.3.1/thumb/v7e-m+fp/hard/crtbegin.o
                [!provide]                        PROVIDE (__fini_array_end = .)
                0x000000000800030c                . = ALIGN (0x4)
                0x000000000800030c                _sidata = LOADADDR (.data)

.data           0x0000000020000000        0x0 load address 0x000000000800030c
                0x0000000020000000                . = ALIGN (0x4)
                0x0000000020000000                _sdata = .
 *(.data)
 *(.data*)
 *(.RamFunc)
 *(.RamFunc*)
                0x0000000020000000                . = ALIGN (0x4)
                0x0000000020000000                _edata = .
                0x000000000800030c                _siccmsram = LOADADDR (.ccmsram)

.igot.plt       0x0000000020000000        0x0 load address 0x000000000800030c
 .igot.plt      0x0000000020000000        0x0 C:/ST/STM32CubeIDE_1.14.0/STM32CubeIDE/plugins/com.st.stm32cube.ide.mcu.externaltools.gnu-tools-for-stm32.11.3.rel1.win32_1.1.100.202309141235/tools/bin/../lib/gcc/arm-none-eabi/11.3.1/thumb/v7e-m+fp/hard/crtbegin.o

.ccmsram        0x0000000010000000        0x0 load address 0x000000000800030c
                0x0000000010000000                . = ALIGN (0x4)
                0x0000000010000000                _sccmsram = .
 *(.ccmsram)
 *(.ccmsram*)
                0x0000000010000000                . = ALIGN (0x4)
                0x0000000010000000                _eccmsram = .
                0x0000000010000000                . = ALIGN (0x4)

.bss            0x0000000020000000       0x1c
                0x0000000020000000                _sbss = .
                0x0000000020000000                __bss_start__ = _sbss
 *(.bss)
 .bss           0x0000000020000000       0x1c C:/ST/STM32CubeIDE_1.14.0/STM32CubeIDE/plugins/com.st.stm32cube.ide.mcu.externaltools.gnu-tools-for-stm32.11.3.rel1.win32_1.1.100.202309141235/tools/bin/../lib/gcc/arm-none-eabi/11.3.1/thumb/v7e-m+fp/hard/crtbegin.o
 *(.bss*)
 *(COMMON)
                0x000000002000001c                . = ALIGN (0x4)
                0x000000002000001c                _ebss = .
                0x000000002000001c                __bss_end__ = _ebss

._user_heap_stack
                0x000000002000001c      0x604
                0x0000000020000020                . = ALIGN (0x8)
 *fill*         0x000000002000001c        0x4 
                [!provide]                        PROVIDE (end = .)
                0x0000000020000020                PROVIDE (_end = .)
                0x0000000020000220                . = (. + _Min_Heap_Size)
 *fill*         0x0000000020000020      0x200 
                0x0000000020000620                . = (. + _Min_Stack_Size)
 *fill*         0x0000000020000220      0x400 
                0x0000000020000620                . = ALIGN (0x8)

/DISCARD/
 libc.a(*)
 libm.a(*)
 libgcc.a(*)

.ARM.attributes
                0x0000000000000000       0x30
 *(.ARM.attributes)
 .ARM.attributes
                0x0000000000000000       0x1e C:/ST/STM32CubeIDE_1.14.0/STM32CubeIDE/plugins/com.st.stm32cube.ide.mcu.externaltools.gnu-tools-for-stm32.11.3.rel1.win32_1.1.100.202309141235/tools/bin/../lib/gcc/arm-none-eabi/11.3.1/thumb/v7e-m+fp/hard/crti.o
 .ARM.attributes
                0x000000000000001e       0x34 C:/ST/STM32CubeIDE_1.14.0/STM32CubeIDE/plugins/com.st.stm32cube.ide.mcu.externaltools.gnu-tools-for-stm32.11.3.rel1.win32_1.1.100.202309141235/tools/bin/../lib/gcc/arm-none-eabi/11.3.1/thumb/v7e-m+fp/hard/crtbegin.o
 .ARM.attributes
                0x0000000000000052       0x34 ./src/ap/ap.o
 .ARM.attributes
                0x0000000000000086       0x21 ./src/bsp/startup/startup_stm32g474retx.o
 .ARM.attributes
                0x00000000000000a7       0x34 ./src/hw/hw.o
 .ARM.attributes
                0x00000000000000db       0x34 ./src/main.o
 .ARM.attributes
                0x000000000000010f       0x34 C:/ST/STM32CubeIDE_1.14.0/STM32CubeIDE/plugins/com.st.stm32cube.ide.mcu.externaltools.gnu-tools-for-stm32.11.3.rel1.win32_1.1.100.202309141235/tools/bin/../lib/gcc/arm-none-eabi/11.3.1/../../../../arm-none-eabi/lib/thumb/v7e-m+fp/hard\libc_nano.a(libc_a-init.o)
 .ARM.attributes
                0x0000000000000143       0x1e C:/ST/STM32CubeIDE_1.14.0/STM32CubeIDE/plugins/com.st.stm32cube.ide.mcu.externaltools.gnu-tools-for-stm32.11.3.rel1.win32_1.1.100.202309141235/tools/bin/../lib/gcc/arm-none-eabi/11.3.1/thumb/v7e-m+fp/hard/crtn.o
OUTPUT(stm32g474_fw.elf elf32-littlearm)
LOAD linker stubs
LOAD C:/ST/STM32CubeIDE_1.14.0/STM32CubeIDE/plugins/com.st.stm32cube.ide.mcu.externaltools.gnu-tools-for-stm32.11.3.rel1.win32_1.1.100.202309141235/tools/bin/../lib/gcc/arm-none-eabi/11.3.1/../../../../arm-none-eabi/lib/thumb/v7e-m+fp/hard\libc.a
LOAD C:/ST/STM32CubeIDE_1.14.0/STM32CubeIDE/plugins/com.st.stm32cube.ide.mcu.externaltools.gnu-tools-for-stm32.11.3.rel1.win32_1.1.100.202309141235/tools/bin/../lib/gcc/arm-none-eabi/11.3.1/../../../../arm-none-eabi/lib/thumb/v7e-m+fp/hard\libm.a
LOAD C:/ST/STM32CubeIDE_1.14.0/STM32CubeIDE/plugins/com.st.stm32cube.ide.mcu.externaltools.gnu-tools-for-stm32.11.3.rel1.win32_1.1.100.202309141235/tools/bin/../lib/gcc/arm-none-eabi/11.3.1/thumb/v7e-m+fp/hard\libgcc.a

.comment        0x0000000000000000       0x43
 .comment       0x0000000000000000       0x43 C:/ST/STM32CubeIDE_1.14.0/STM32CubeIDE/plugins/com.st.stm32cube.ide.mcu.externaltools.gnu-tools-for-stm32.11.3.rel1.win32_1.1.100.202309141235/tools/bin/../lib/gcc/arm-none-eabi/11.3.1/thumb/v7e-m+fp/hard/crtbegin.o
                                         0x44 (size before relaxing)
 .comment       0x0000000000000043       0x44 ./src/ap/ap.o
 .comment       0x0000000000000043       0x44 ./src/hw/hw.o
 .comment       0x0000000000000043       0x44 ./src/main.o

.debug_info     0x0000000000000000      0x1fd
 .debug_info    0x0000000000000000       0x9f ./src/ap/ap.o
 .debug_info    0x000000000000009f       0x23 ./src/bsp/startup/startup_stm32g474retx.o
 .debug_info    0x00000000000000c2       0x91 ./src/hw/hw.o
 .debug_info    0x0000000000000153       0xaa ./src/main.o

.debug_abbrev   0x0000000000000000       0xf9
 .debug_abbrev  0x0000000000000000       0x47 ./src/ap/ap.o
 .debug_abbrev  0x0000000000000047       0x12 ./src/bsp/startup/startup_stm32g474retx.o
 .debug_abbrev  0x0000000000000059       0x45 ./src/hw/hw.o
 .debug_abbrev  0x000000000000009e       0x5b ./src/main.o

.debug_aranges  0x0000000000000000       0x90
 .debug_aranges
                0x0000000000000000       0x28 ./src/ap/ap.o
 .debug_aranges
                0x0000000000000028       0x28 ./src/bsp/startup/startup_stm32g474retx.o
 .debug_aranges
                0x0000000000000050       0x20 ./src/hw/hw.o
 .debug_aranges
                0x0000000000000070       0x20 ./src/main.o

.debug_rnglists
                0x0000000000000000       0x58
 .debug_rnglists
                0x0000000000000000       0x19 ./src/ap/ap.o
 .debug_rnglists
                0x0000000000000019       0x19 ./src/bsp/startup/startup_stm32g474retx.o
 .debug_rnglists
                0x0000000000000032       0x13 ./src/hw/hw.o
 .debug_rnglists
                0x0000000000000045       0x13 ./src/main.o

.debug_macro    0x0000000000000000     0x1e18
 .debug_macro   0x0000000000000000      0x175 ./src/ap/ap.o
 .debug_macro   0x0000000000000175      0xa96 ./src/ap/ap.o
 .debug_macro   0x0000000000000c0b       0x22 ./src/ap/ap.o
 .debug_macro   0x0000000000000c2d       0x5b ./src/ap/ap.o
 .debug_macro   0x0000000000000c88       0x2a ./src/ap/ap.o
 .debug_macro   0x0000000000000cb2       0x94 ./src/ap/ap.o
 .debug_macro   0x0000000000000d46       0x43 ./src/ap/ap.o
 .debug_macro   0x0000000000000d89       0x34 ./src/ap/ap.o
 .debug_macro   0x0000000000000dbd       0x16 ./src/ap/ap.o
 .debug_macro   0x0000000000000dd3       0x57 ./src/ap/ap.o
 .debug_macro   0x0000000000000e2a       0x97 ./src/ap/ap.o
 .debug_macro   0x0000000000000ec1      0x369 ./src/ap/ap.o
 .debug_macro   0x000000000000122a       0xfd ./src/ap/ap.o
 .debug_macro   0x0000000000001327       0x10 ./src/ap/ap.o
 .debug_macro   0x0000000000001337       0x16 ./src/ap/ap.o
 .debug_macro   0x000000000000134d       0x43 ./src/ap/ap.o
 .debug_macro   0x0000000000001390       0x34 ./src/ap/ap.o
 .debug_macro   0x00000000000013c4       0x10 ./src/ap/ap.o
 .debug_macro   0x00000000000013d4       0x58 ./src/ap/ap.o
 .debug_macro   0x000000000000142c       0x8e ./src/ap/ap.o
 .debug_macro   0x00000000000014ba       0x1c ./src/ap/ap.o
 .debug_macro   0x00000000000014d6      0x177 ./src/ap/ap.o
 .debug_macro   0x000000000000164d       0x16 ./src/ap/ap.o
 .debug_macro   0x0000000000001663       0x16 ./src/ap/ap.o
 .debug_macro   0x0000000000001679      0x147 ./src/ap/ap.o
 .debug_macro   0x00000000000017c0      0x103 ./src/ap/ap.o
 .debug_macro   0x00000000000018c3       0x6a ./src/ap/ap.o
 .debug_macro   0x000000000000192d      0x1df ./src/ap/ap.o
 .debug_macro   0x0000000000001b0c       0x22 ./src/ap/ap.o
 .debug_macro   0x0000000000001b2e      0x16b ./src/hw/hw.o
 .debug_macro   0x0000000000001c99      0x17f ./src/main.o

.debug_line     0x0000000000000000     0x12d4
 .debug_line    0x0000000000000000      0x62b ./src/ap/ap.o
 .debug_line    0x000000000000062b       0x7b ./src/bsp/startup/startup_stm32g474retx.o
 .debug_line    0x00000000000006a6      0x5e7 ./src/hw/hw.o
 .debug_line    0x0000000000000c8d      0x647 ./src/main.o

.debug_str      0x0000000000000000     0x7634
 .debug_str     0x0000000000000000     0x75c7 ./src/ap/ap.o
                                       0x77a9 (size before relaxing)
 .debug_str     0x00000000000075c7       0x37 ./src/bsp/startup/startup_stm32g474retx.o
                                         0x5a (size before relaxing)
 .debug_str     0x00000000000075fe       0x16 ./src/hw/hw.o
                                       0x7794 (size before relaxing)
 .debug_str     0x0000000000007614       0x20 ./src/main.o
                                       0x77c1 (size before relaxing)

.debug_frame    0x0000000000000000       0xd0
 .debug_frame   0x0000000000000000       0x48 ./src/ap/ap.o
 .debug_frame   0x0000000000000048       0x30 ./src/hw/hw.o
 .debug_frame   0x0000000000000078       0x2c ./src/main.o
 .debug_frame   0x00000000000000a4       0x2c C:/ST/STM32CubeIDE_1.14.0/STM32CubeIDE/plugins/com.st.stm32cube.ide.mcu.externaltools.gnu-tools-for-stm32.11.3.rel1.win32_1.1.100.202309141235/tools/bin/../lib/gcc/arm-none-eabi/11.3.1/../../../../arm-none-eabi/lib/thumb/v7e-m+fp/hard\libc_nano.a(libc_a-init.o)

.debug_line_str
                0x0000000000000000       0x4e
 .debug_line_str
                0x0000000000000000       0x4e ./src/bsp/startup/startup_stm32g474retx.o
                                         0x66 (size before relaxing)
