Archive member included to satisfy reference by file (symbol)

C:/ST/STM32CubeIDE_1.14.0/STM32CubeIDE/plugins/com.st.stm32cube.ide.mcu.externaltools.gnu-tools-for-stm32.11.3.rel1.win32_1.1.100.202309141235/tools/bin/../lib/gcc/arm-none-eabi/11.3.1/../../../../arm-none-eabi/lib/thumb/v7e-m+fp/hard\libc_nano.a(libc_a-exit.o)
                              C:/ST/STM32CubeIDE_1.14.0/STM32CubeIDE/plugins/com.st.stm32cube.ide.mcu.externaltools.gnu-tools-for-stm32.11.3.rel1.win32_1.1.100.202309141235/tools/bin/../lib/gcc/arm-none-eabi/11.3.1/../../../../arm-none-eabi/lib/thumb/v7e-m+fp/hard/crt0.o (exit)
C:/ST/STM32CubeIDE_1.14.0/STM32CubeIDE/plugins/com.st.stm32cube.ide.mcu.externaltools.gnu-tools-for-stm32.11.3.rel1.win32_1.1.100.202309141235/tools/bin/../lib/gcc/arm-none-eabi/11.3.1/../../../../arm-none-eabi/lib/thumb/v7e-m+fp/hard\libc_nano.a(libc_a-findfp.o)
                              C:/ST/STM32CubeIDE_1.14.0/STM32CubeIDE/plugins/com.st.stm32cube.ide.mcu.externaltools.gnu-tools-for-stm32.11.3.rel1.win32_1.1.100.202309141235/tools/bin/../lib/gcc/arm-none-eabi/11.3.1/../../../../arm-none-eabi/lib/thumb/v7e-m+fp/hard\libc_nano.a(libc_a-exit.o) (__stdio_exit_handler)
C:/ST/STM32CubeIDE_1.14.0/STM32CubeIDE/plugins/com.st.stm32cube.ide.mcu.externaltools.gnu-tools-for-stm32.11.3.rel1.win32_1.1.100.202309141235/tools/bin/../lib/gcc/arm-none-eabi/11.3.1/../../../../arm-none-eabi/lib/thumb/v7e-m+fp/hard\libc_nano.a(libc_a-fwalk.o)
                              C:/ST/STM32CubeIDE_1.14.0/STM32CubeIDE/plugins/com.st.stm32cube.ide.mcu.externaltools.gnu-tools-for-stm32.11.3.rel1.win32_1.1.100.202309141235/tools/bin/../lib/gcc/arm-none-eabi/11.3.1/../../../../arm-none-eabi/lib/thumb/v7e-m+fp/hard\libc_nano.a(libc_a-findfp.o) (_fwalk_sglue)
C:/ST/STM32CubeIDE_1.14.0/STM32CubeIDE/plugins/com.st.stm32cube.ide.mcu.externaltools.gnu-tools-for-stm32.11.3.rel1.win32_1.1.100.202309141235/tools/bin/../lib/gcc/arm-none-eabi/11.3.1/../../../../arm-none-eabi/lib/thumb/v7e-m+fp/hard\libc_nano.a(libc_a-stdio.o)
                              C:/ST/STM32CubeIDE_1.14.0/STM32CubeIDE/plugins/com.st.stm32cube.ide.mcu.externaltools.gnu-tools-for-stm32.11.3.rel1.win32_1.1.100.202309141235/tools/bin/../lib/gcc/arm-none-eabi/11.3.1/../../../../arm-none-eabi/lib/thumb/v7e-m+fp/hard\libc_nano.a(libc_a-findfp.o) (__sread)
C:/ST/STM32CubeIDE_1.14.0/STM32CubeIDE/plugins/com.st.stm32cube.ide.mcu.externaltools.gnu-tools-for-stm32.11.3.rel1.win32_1.1.100.202309141235/tools/bin/../lib/gcc/arm-none-eabi/11.3.1/../../../../arm-none-eabi/lib/thumb/v7e-m+fp/hard\libc_nano.a(libc_a-vsnprintf.o)
                              ./src/hw/driver/uart.o (vsnprintf)
C:/ST/STM32CubeIDE_1.14.0/STM32CubeIDE/plugins/com.st.stm32cube.ide.mcu.externaltools.gnu-tools-for-stm32.11.3.rel1.win32_1.1.100.202309141235/tools/bin/../lib/gcc/arm-none-eabi/11.3.1/../../../../arm-none-eabi/lib/thumb/v7e-m+fp/hard\libc_nano.a(libc_a-memset.o)
                              C:/ST/STM32CubeIDE_1.14.0/STM32CubeIDE/plugins/com.st.stm32cube.ide.mcu.externaltools.gnu-tools-for-stm32.11.3.rel1.win32_1.1.100.202309141235/tools/bin/../lib/gcc/arm-none-eabi/11.3.1/../../../../arm-none-eabi/lib/thumb/v7e-m+fp/hard/crt0.o (memset)
C:/ST/STM32CubeIDE_1.14.0/STM32CubeIDE/plugins/com.st.stm32cube.ide.mcu.externaltools.gnu-tools-for-stm32.11.3.rel1.win32_1.1.100.202309141235/tools/bin/../lib/gcc/arm-none-eabi/11.3.1/../../../../arm-none-eabi/lib/thumb/v7e-m+fp/hard\libc_nano.a(libc_a-closer.o)
                              C:/ST/STM32CubeIDE_1.14.0/STM32CubeIDE/plugins/com.st.stm32cube.ide.mcu.externaltools.gnu-tools-for-stm32.11.3.rel1.win32_1.1.100.202309141235/tools/bin/../lib/gcc/arm-none-eabi/11.3.1/../../../../arm-none-eabi/lib/thumb/v7e-m+fp/hard\libc_nano.a(libc_a-stdio.o) (_close_r)
C:/ST/STM32CubeIDE_1.14.0/STM32CubeIDE/plugins/com.st.stm32cube.ide.mcu.externaltools.gnu-tools-for-stm32.11.3.rel1.win32_1.1.100.202309141235/tools/bin/../lib/gcc/arm-none-eabi/11.3.1/../../../../arm-none-eabi/lib/thumb/v7e-m+fp/hard\libc_nano.a(libc_a-reent.o)
                              C:/ST/STM32CubeIDE_1.14.0/STM32CubeIDE/plugins/com.st.stm32cube.ide.mcu.externaltools.gnu-tools-for-stm32.11.3.rel1.win32_1.1.100.202309141235/tools/bin/../lib/gcc/arm-none-eabi/11.3.1/../../../../arm-none-eabi/lib/thumb/v7e-m+fp/hard\libc_nano.a(libc_a-closer.o) (errno)
C:/ST/STM32CubeIDE_1.14.0/STM32CubeIDE/plugins/com.st.stm32cube.ide.mcu.externaltools.gnu-tools-for-stm32.11.3.rel1.win32_1.1.100.202309141235/tools/bin/../lib/gcc/arm-none-eabi/11.3.1/../../../../arm-none-eabi/lib/thumb/v7e-m+fp/hard\libc_nano.a(libc_a-impure.o)
                              C:/ST/STM32CubeIDE_1.14.0/STM32CubeIDE/plugins/com.st.stm32cube.ide.mcu.externaltools.gnu-tools-for-stm32.11.3.rel1.win32_1.1.100.202309141235/tools/bin/../lib/gcc/arm-none-eabi/11.3.1/../../../../arm-none-eabi/lib/thumb/v7e-m+fp/hard\libc_nano.a(libc_a-vsnprintf.o) (_impure_ptr)
[...]
Memory Configuration

Name             Origin             Length             Attributes
CCMSRAM          0x0000000010000000 0x0000000000008000 xrw
RAM              0x0000000020000000 0x0000000000020000 xrw
FLASH            0x0000000008000000 0x0000000000080000 xr
*default*        0x0000000000000000 0xffffffffffffffff

Linker script and memory map

LOAD C:/ST/STM32CubeIDE_1.14.0/STM32CubeIDE/plugins/com.st.stm32cube.ide.mcu.externaltools.gnu-tools-for-stm32.11.3.rel1.win32_1.1.100.202309141235/tools/bin/../lib/gcc/arm-none-eabi/11.3.1/thumb/v7e-m+fp/hard/crti.o
LOAD C:/ST/STM32CubeIDE_1.14.0/STM32CubeIDE/plugins/com.st.stm32cube.ide.mcu.externaltools.gnu-tools-for-stm32.11.3.rel1.win32_1.1.100.202309141235/tools/bin/../lib/gcc/arm-none-eabi/11.3.1/thumb/v7e-m+fp/hard/crtbegin.o
LOAD C:/ST/STM32CubeIDE_1.14.0/STM32CubeIDE/plugins/com.st.stm32cube.ide.mcu.externaltools.gnu-tools-for-stm32.11.3.rel1.win32_1.1.100.202309141235/tools/bin/../lib/gcc/arm-none-eabi/11.3.1/../../../../arm-none-eabi/lib/thumb/v7e-m+fp/hard/crt0.o
LOAD ./src/ap/ap.o
LOAD ./src/bsp/bsp.o
LOAD ./src/bsp/stm32g4xx_hal_msp.o
LOAD ./src/bsp/stm32g4xx_it.o
LOAD ./src/bsp/syscalls.o
LOAD ./src/bsp/sysmem.o
LOAD ./src/bsp/system_stm32g4xx.o
LOAD ./src/bsp/startup/startup_stm32g474retx.o
LOAD ./src/common/core/qbuffer.o
LOAD ./src/hw/driver/cdc.o
LOAD ./src/hw/driver/led.o
LOAD ./src/hw/driver/reset.o
LOAD ./src/hw/driver/rtc.o
LOAD ./src/hw/driver/uart.o
LOAD ./src/hw/driver/usb.o
LOAD ./src/hw/hw.o
LOAD ./src/lib/cube_g474/Drivers/STM32G4xx_HAL_Driver/Src/stm32g4xx_hal.o
LOAD ./src/lib/cube_g474/Drivers/STM32G4xx_HAL_Driver/Src/stm32g4xx_hal_cortex.o
LOAD ./src/lib/cube_g474/Drivers/STM32G4xx_HAL_Driver/Src/stm32g4xx_hal_dma.o
LOAD ./src/lib/cube_g474/Drivers/STM32G4xx_HAL_Driver/Src/stm32g4xx_hal_dma_ex.o
LOAD ./src/lib/cube_g474/Drivers/STM32G4xx_HAL_Driver/Src/stm32g4xx_hal_exti.o
LOAD ./src/lib/cube_g474/Drivers/STM32G4xx_HAL_Driver/Src/stm32g4xx_hal_flash.o
LOAD ./src/lib/cube_g474/Drivers/STM32G4xx_HAL_Driver/Src/stm32g4xx_hal_flash_ex.o
LOAD ./src/lib/cube_g474/Drivers/STM32G4xx_HAL_Driver/Src/stm32g4xx_hal_flash_ramfunc.o
LOAD ./src/lib/cube_g474/Drivers/STM32G4xx_HAL_Driver/Src/stm32g4xx_hal_gpio.o
LOAD ./src/lib/cube_g474/Drivers/STM32G4xx_HAL_Driver/Src/stm32g4xx_hal_pcd.o
LOAD ./src/lib/cube_g474/Drivers/STM32G4xx_HAL_Driver/Src/stm32g4xx_hal_pcd_ex.o
LOAD ./src/lib/cube_g474/Drivers/STM32G4xx_HAL_Driver/Src/stm32g4xx_hal_pwr.o
LOAD ./src/lib/cube_g474/Drivers/STM32G4xx_HAL_Driver/Src/stm32g4xx_hal_pwr_ex.o
LOAD ./src/lib/cube_g474/Drivers/STM32G4xx_HAL_Driver/Src/stm32g4xx_hal_rcc.o
LOAD ./src/lib/cube_g474/Drivers/STM32G4xx_HAL_Driver/Src/stm32g4xx_hal_rcc_ex.o
LOAD ./src/lib/cube_g474/Drivers/STM32G4xx_HAL_Driver/Src/stm32g4xx_hal_rtc.o
LOAD ./src/lib/cube_g474/Drivers/STM32G4xx_HAL_Driver/Src/stm32g4xx_hal_rtc_ex.o
LOAD ./src/lib/cube_g474/Drivers/STM32G4xx_HAL_Driver/Src/stm32g4xx_hal_tim.o
LOAD ./src/lib/cube_g474/Drivers/STM32G4xx_HAL_Driver/Src/stm32g4xx_hal_tim_ex.o
LOAD ./src/lib/cube_g474/Drivers/STM32G4xx_HAL_Driver/Src/stm32g4xx_hal_uart.o
LOAD ./src/lib/cube_g474/Drivers/STM32G4xx_HAL_Driver/Src/stm32g4xx_hal_uart_ex.o
LOAD ./src/lib/cube_g474/Drivers/STM32G4xx_HAL_Driver/Src/stm32g4xx_ll_usb.o
LOAD ./src/lib/cube_g474/Middlewares/ST/STM32_USB_Device_Library/Class/CDC/Src/usbd_cdc.o
LOAD ./src/lib/cube_g474/Middlewares/ST/STM32_USB_Device_Library/Core/Src/usbd_core.o
LOAD ./src/lib/cube_g474/Middlewares/ST/STM32_USB_Device_Library/Core/Src/usbd_ctlreq.o
LOAD ./src/lib/cube_g474/Middlewares/ST/STM32_USB_Device_Library/Core/Src/usbd_ioreq.o
LOAD ./src/lib/cube_g474/USB_Device/App/usb_device.o
LOAD ./src/lib/cube_g474/USB_Device/App/usbd_cdc_if.o
LOAD ./src/lib/cube_g474/USB_Device/App/usbd_desc.o
LOAD ./src/lib/cube_g474/USB_Device/Target/usbd_conf.o
LOAD ./src/main.o
START GROUP
LOAD C:/ST/STM32CubeIDE_1.14.0/STM32CubeIDE/plugins/com.st.stm32cube.ide.mcu.externaltools.gnu-tools-for-stm32.11.3.rel1.win32_1.1.100.202309141235/tools/bin/../lib/gcc/arm-none-eabi/11.3.1/../../../../arm-none-eabi/lib/thumb/v7e-m+fp/hard\libc_nano.a
LOAD C:/ST/STM32CubeIDE_1.14.0/STM32CubeIDE/plugins/com.st.stm32cube.ide.mcu.externaltools.gnu-tools-for-stm32.11.3.rel1.win32_1.1.100.202309141235/tools/bin/../lib/gcc/arm-none-eabi/11.3.1/../../../../arm-none-eabi/lib/thumb/v7e-m+fp/hard\libm.a
END GROUP
START GROUP
LOAD C:/ST/STM32CubeIDE_1.14.0/STM32CubeIDE/plugins/com.st.stm32cube.ide.mcu.externaltools.gnu-tools-for-stm32.11.3.rel1.win32_1.1.100.202309141235/tools/bin/../lib/gcc/arm-none-eabi/11.3.1/thumb/v7e-m+fp/hard\libgcc.a
LOAD C:/ST/STM32CubeIDE_1.14.0/STM32CubeIDE/plugins/com.st.stm32cube.ide.mcu.externaltools.gnu-tools-for-stm32.11.3.rel1.win32_1.1.100.202309141235/tools/bin/../lib/gcc/arm-none-eabi/11.3.1/../../../../arm-none-eabi/lib/thumb/v7e-m+fp/hard\libc_nano.a
END GROUP
START GROUP
LOAD C:/ST/STM32CubeIDE_1.14.0/STM32CubeIDE/plugins/com.st.stm32cube.ide.mcu.externaltools.gnu-tools-for-stm32.11.3.rel1.win32_1.1.100.202309141235/tools/bin/../lib/gcc/arm-none-eabi/11.3.1/thumb/v7e-m+fp/hard\libgcc.a
LOAD C:/ST/STM32CubeIDE_1.14.0/STM32CubeIDE/plugins/com.st.stm32cube.ide.mcu.externaltools.gnu-tools-for-stm32.11.3.rel1.win32_1.1.100.202309141235/tools/bin/../lib/gcc/arm-none-eabi/11.3.1/../../../../arm-none-eabi/lib/thumb/v7e-m+fp/hard\libc_nano.a
LOAD C:/ST/STM32CubeIDE_1.14.0/STM32CubeIDE/plugins/com.st.stm32cube.ide.mcu.externaltools.gnu-tools-for-stm32.11.3.rel1.win32_1.1.100.202309141235/tools/bin/../lib/gcc/arm-none-eabi/11.3.1/../../../../arm-none-eabi/lib/thumb/v7e-m+fp/hard\libnosys.a
END GROUP
START GROUP
LOAD C:/ST/STM32CubeIDE_1.14.0/STM32CubeIDE/plugins/com.st.stm32cube.ide.mcu.externaltools.gnu-tools-for-stm32.11.3.rel1.win32_1.1.100.202309141235/tools/bin/../lib/gcc/arm-none-eabi/11.3.1/thumb/v7e-m+fp/hard\libgcc.a
LOAD C:/ST/STM32CubeIDE_1.14.0/STM32CubeIDE/plugins/com.st.stm32cube.ide.mcu.externaltools.gnu-tools-for-stm32.11.3.rel1.win32_1.1.100.202309141235/tools/bin/../lib/gcc/arm-none-eabi/11.3.1/../../../../arm-none-eabi/lib/thumb/v7e-m+fp/hard\libc_nano.a
LOAD C:/ST/STM32CubeIDE_1.14.0/STM32CubeIDE/plugins/com.st.stm32cube.ide.mcu.externaltools.gnu-tools-for-stm32.11.3.rel1.win32_1.1.100.202309141235/tools/bin/../lib/gcc/arm-none-eabi/11.3.1/../../../../arm-none-eabi/lib/thumb/v7e-m+fp/hard\libnosys.a
END GROUP
LOAD C:/ST/STM32CubeIDE_1.14.0/STM32CubeIDE/plugins/com.st.stm32cube.ide.mcu.externaltools.gnu-tools-for-stm32.11.3.rel1.win32_1.1.100.202309141235/tools/bin/../lib/gcc/arm-none-eabi/11.3.1/thumb/v7e-m+fp/hard/crtend.o
LOAD C:/ST/STM32CubeIDE_1.14.0/STM32CubeIDE/plugins/com.st.stm32cube.ide.mcu.externaltools.gnu-tools-for-stm32.11.3.rel1.win32_1.1.100.202309141235/tools/bin/../lib/gcc/arm-none-eabi/11.3.1/thumb/v7e-m+fp/hard/crtn.o
                0x0000000020020000                _estack = (ORIGIN (RAM) + LENGTH (RAM))
                0x0000000000000200                _Min_Heap_Size = 0x200
                0x0000000000000400                _Min_Stack_Size = 0x400

.isr_vector     0x0000000008000000      0x1d8
                0x0000000008000000                . = ALIGN (0x4)
 *(.isr_vector)
 .isr_vector    0x0000000008000000      0x1d8 ./src/bsp/startup/startup_stm32g474retx.o
                0x0000000008000000                g_pfnVectors
                0x00000000080001d8                . = ALIGN (0x4)

.text           0x00000000080001e0     0xbd48
                0x00000000080001e0                . = ALIGN (0x4)
 *(.text)
 .text          0x00000000080001e0       0x40 C:/ST/STM32CubeIDE_1.14.0/STM32CubeIDE/plugins/com.st.stm32cube.ide.mcu.externaltools.gnu-tools-for-stm32.11.3.rel1.win32_1.1.100.202309141235/tools/bin/../lib/gcc/arm-none-eabi/11.3.1/thumb/v7e-m+fp/hard/crtbegin.o
 .text          0x0000000008000220       0xa0 C:/ST/STM32CubeIDE_1.14.0/STM32CubeIDE/plugins/com.st.stm32cube.ide.mcu.externaltools.gnu-tools-for-stm32.11.3.rel1.win32_1.1.100.202309141235/tools/bin/../lib/gcc/arm-none-eabi/11.3.1/../../../../arm-none-eabi/lib/thumb/v7e-m+fp/hard\libc_nano.a(libc_a-memchr.o)
                0x0000000008000220                memchr
 .text          0x00000000080002c0       0x30 C:/ST/STM32CubeIDE_1.14.0/STM32CubeIDE/plugins/com.st.stm32cube.ide.mcu.externaltools.gnu-tools-for-stm32.11.3.rel1.win32_1.1.100.202309141235/tools/bin/../lib/gcc/arm-none-eabi/11.3.1/thumb/v7e-m+fp/hard\libgcc.a(_aeabi_uldivmod.o)
                0x00000000080002c0                __aeabi_uldivmod
 .text          0x00000000080002f0      0x2c8 C:/ST/STM32CubeIDE_1.14.0/STM32CubeIDE/plugins/com.st.stm32cube.ide.mcu.externaltools.gnu-tools-for-stm32.11.3.rel1.win32_1.1.100.202309141235/tools/bin/../lib/gcc/arm-none-eabi/11.3.1/thumb/v7e-m+fp/hard\libgcc.a(_udivmoddi4.o)
                0x00000000080002f0                __udivmoddi4
 .text          0x00000000080005b8        0x4 C:/ST/STM32CubeIDE_1.14.0/STM32CubeIDE/plugins/com.st.stm32cube.ide.mcu.externaltools.gnu-tools-for-stm32.11.3.rel1.win32_1.1.100.202309141235/tools/bin/../lib/gcc/arm-none-eabi/11.3.1/thumb/v7e-m+fp/hard\libgcc.a(_dvmd_tls.o)
                0x00000000080005b8                __aeabi_idiv0
                0x00000000080005b8                __aeabi_ldiv0
 *(.text*)
 .text.apInit   0x00000000080005bc        0xe ./src/ap/ap.o
                0x00000000080005bc                apInit
 .text.apMain   0x00000000080005ca       0x34 ./src/ap/ap.o
                0x00000000080005ca                apMain
 *fill*         0x00000000080005fe        0x2 
 .text.bspInit  0x0000000008000600       0xcc ./src/bsp/bsp.o
                0x0000000008000600                bspInit
 .text.delay    0x00000000080006cc       0x16 ./src/bsp/bsp.o
                0x00000000080006cc                delay
 .text.millis   0x00000000080006e2        0xe ./src/bsp/bsp.o
                0x00000000080006e2                millis
 .text.SystemClock_Config
                0x00000000080006f0       0xb4 ./src/bsp/bsp.o
                0x00000000080006f0                SystemClock_Config
 .text.Error_Handler
                0x00000000080007a4        0xe ./src/bsp/bsp.o
                0x00000000080007a4                Error_Handler
 *fill*         0x00000000080007b2        0x2 
 .text.HAL_MspInit
                0x00000000080007b4       0x48 ./src/bsp/stm32g4xx_hal_msp.o
                0x00000000080007b4                HAL_MspInit
 .text.NMI_Handler
                0x00000000080007fc        0x6 ./src/bsp/stm32g4xx_it.o
                0x00000000080007fc                NMI_Handler
 .text.HardFault_Handler
                0x0000000008000802        0x6 ./src/bsp/stm32g4xx_it.o
                0x0000000008000802                HardFault_Handler
 .text.MemManage_Handler
                0x0000000008000808        0x6 ./src/bsp/stm32g4xx_it.o
                0x0000000008000808                MemManage_Handler
 .text.BusFault_Handler
                0x000000000800080e        0x6 ./src/bsp/stm32g4xx_it.o
                0x000000000800080e                BusFault_Handler
 .text.UsageFault_Handler
                0x0000000008000814        0x6 ./src/bsp/stm32g4xx_it.o
                0x0000000008000814                UsageFault_Handler
 .text.SVC_Handler
                0x000000000800081a        0xe ./src/bsp/stm32g4xx_it.o
                0x000000000800081a                SVC_Handler
 .text.DebugMon_Handler
                0x0000000008000828        0xe ./src/bsp/stm32g4xx_it.o
                0x0000000008000828                DebugMon_Handler
 .text.PendSV_Handler
                0x0000000008000836        0xe ./src/bsp/stm32g4xx_it.o
                0x0000000008000836                PendSV_Handler
 .text.SysTick_Handler
                0x0000000008000844        0xc ./src/bsp/stm32g4xx_it.o
                0x0000000008000844                SysTick_Handler
 .text.USB_LP_IRQHandler
                0x0000000008000850       0x14 ./src/bsp/stm32g4xx_it.o
                0x0000000008000850                USB_LP_IRQHandler
 .text.USART1_IRQHandler
                0x0000000008000864       0x14 ./src/bsp/stm32g4xx_it.o
                0x0000000008000864                USART1_IRQHandler
 .text._sbrk    0x0000000008000878       0x6c ./src/bsp/sysmem.o
                0x0000000008000878                _sbrk
 .text.SystemInit
                0x00000000080008e4       0x24 ./src/bsp/system_stm32g4xx.o
                0x00000000080008e4                SystemInit
 .text.Reset_Handler
                0x0000000008000908       0x50 ./src/bsp/startup/startup_stm32g474retx.o
                0x0000000008000908                Reset_Handler
 .text.Default_Handler
                0x0000000008000958        0x2 ./src/bsp/startup/startup_stm32g474retx.o
                0x0000000008000958                EXTI2_IRQHandler
                0x0000000008000958                TIM8_TRG_COM_IRQHandler
                0x0000000008000958                TIM8_CC_IRQHandler
                0x0000000008000958                DMA2_CH8_IRQHandler
                0x0000000008000958                DMA1_CH4_IRQHandler
                0x0000000008000958                SPI4_IRQHandler
                0x0000000008000958                HRTIM_TIM_FLT_IRQn_IRQHandler
                0x0000000008000958                FDCAN3_IT0_IRQHandler
                0x0000000008000958                TIM1_CC_IRQHandler
                0x0000000008000958                Cordic_IRQHandler
                0x0000000008000958                USB_HP_IRQHandler
                0x0000000008000958                HRTIM_TIMD_IRQn_IRQHandler
                0x0000000008000958                EXTI3_IRQHandler
                0x0000000008000958                I2C3_ER_IRQHandler
                0x0000000008000958                HRTIM_Master_IRQn_IRQHandler
                0x0000000008000958                DMA1_CH8_IRQHandler
                0x0000000008000958                TIM6_DACUNDER_IRQHandler
                0x0000000008000958                EXTI0_IRQHandler
                0x0000000008000958                I2C2_EV_IRQHandler
                0x0000000008000958                DMA2_CH1_IRQHandler
                0x0000000008000958                FDCAN1_IT1_IRQHandler
                0x0000000008000958                TIM1_UP_TIM16_IRQHandler
                0x0000000008000958                DMA2_CH7_IRQHandler
                0x0000000008000958                ADC1_2_IRQHandler
                0x0000000008000958                SPI1_IRQHandler
                0x0000000008000958                DMA1_CH7_IRQHandler
                0x0000000008000958                HRTIM_TIMB_IRQn_IRQHandler
                0x0000000008000958                TIM8_UP_IRQHandler
                0x0000000008000958                USBWakeUP_IRQHandler
                0x0000000008000958                RTC_ALARM_IRQHandler
                0x0000000008000958                DMA1_CH6_IRQHandler
                0x0000000008000958                TIM20_TRG_COM_IRQHandler
                0x0000000008000958                USART3_IRQHandler
                0x0000000008000958                LPUART_IRQHandler
                0x0000000008000958                UART5_IRQHandler
                0x0000000008000958                ADC3_IRQHandler
                0x0000000008000958                TIM4_IRQHandler
                0x0000000008000958                QUADSPI_IRQHandler
                0x0000000008000958                I2C1_EV_IRQHandler
                0x0000000008000958                DMA2_CH5_IRQHandler
                0x0000000008000958                UART4_IRQHandler
                0x0000000008000958                DMA1_CH3_IRQHandler
                0x0000000008000958                TIM3_IRQHandler
                0x0000000008000958                RCC_IRQHandler
                0x0000000008000958                TIM20_UP_IRQHandler
                0x0000000008000958                TIM1_TRG_COM_IRQHandler
                0x0000000008000958                Default_Handler
                0x0000000008000958                FMAC_IRQHandler
                0x0000000008000958                EXTI15_10_IRQHandler
                0x0000000008000958                TIM7_IRQHandler
                0x0000000008000958                FDCAN3_IT1_IRQHandler
                0x0000000008000958                TIM5_IRQHandler
                0x0000000008000958                UCPD1_IRQHandler
                0x0000000008000958                I2C3_EV_IRQHandler
                0x0000000008000958                EXTI9_5_IRQHandler
                0x0000000008000958                DMA1_CH2_IRQHandler
                0x0000000008000958                RTC_WKUP_IRQHandler
                0x0000000008000958                SAI_IRQHandler
                0x0000000008000958                PVD_PVM_IRQHandler
                0x0000000008000958                SPI2_IRQHandler
                0x0000000008000958                DMA1_CH1_IRQHandler
                0x0000000008000958                ADC5_IRQHandler
                0x0000000008000958                CRS_IRQHandler
                0x0000000008000958                EXTI4_IRQHandler
                0x0000000008000958                RNG_IRQHandler
                0x0000000008000958                FDCAN2_IT1_IRQHandler
                0x0000000008000958                HRTIM_TIMF_IRQn_IRQHandler
                0x0000000008000958                ADC4_IRQHandler
                0x0000000008000958                HRTIM_TIMA_IRQn_IRQHandler
                0x0000000008000958                WWDG_IRQHandler
                0x0000000008000958                I2C4_EV_IRQHandler
                0x0000000008000958                FDCAN2_IT0_IRQHandler
                0x0000000008000958                FDCAN1_IT0_IRQHandler
                0x0000000008000958                TIM2_IRQHandler
                0x0000000008000958                COMP7_IRQHandler
                0x0000000008000958                COMP1_2_3_IRQHandler
                0x0000000008000958                EXTI1_IRQHandler
                0x0000000008000958                HRTIM_TIMC_IRQn_IRQHandler
                0x0000000008000958                USART2_IRQHandler
                0x0000000008000958                COMP4_5_6_IRQHandler
                0x0000000008000958                TIM20_BRK_IRQHandler
                0x0000000008000958                I2C2_ER_IRQHandler
                0x0000000008000958                TIM8_BRK_IRQHandler
                0x0000000008000958                FLASH_IRQHandler
                0x0000000008000958                TIM20_CC_IRQHandler
                0x0000000008000958                SPI3_IRQHandler
                0x0000000008000958                DMA2_CH6_IRQHandler
                0x0000000008000958                DMA2_CH3_IRQHandler
                0x0000000008000958                DMA2_CH2_IRQHandler
                0x0000000008000958                I2C1_ER_IRQHandler
                0x0000000008000958                FMC_IRQHandler
                0x0000000008000958                DMA1_CH5_IRQHandler
                0x0000000008000958                DMA2_CH4_IRQHandler
                0x0000000008000958                LPTIM1_IRQHandler
                0x0000000008000958                DMAMUX_OVR_IRQHandler
                0x0000000008000958                I2C4_ER_IRQHandler
                0x0000000008000958                HRTIM_TIME_IRQn_IRQHandler
                0x0000000008000958                RTC_TAMP_CSS_LSE_IRQHandler
                0x0000000008000958                TIM1_BRK_TIM15_IRQHandler
 .text.qbufferCreate
                0x000000000800095a       0x3c ./src/common/core/qbuffer.o
                0x000000000800095a                qbufferCreate
 .text.qbufferWrite
                0x0000000008000996       0xb8 ./src/common/core/qbuffer.o
                0x0000000008000996                qbufferWrite
 .text.qbufferAvailable
                0x0000000008000a4e       0x30 ./src/common/core/qbuffer.o
                0x0000000008000a4e                qbufferAvailable
 *fill*         0x0000000008000a7e        0x2 
 .text.cdcInit  0x0000000008000a80       0x30 ./src/hw/driver/cdc.o
                0x0000000008000a80                cdcInit
 .text.ledInit  0x0000000008000ab0       0x88 ./src/hw/driver/led.o
                0x0000000008000ab0                ledInit
 .text.ledOff   0x0000000008000b38       0x38 ./src/hw/driver/led.o
                0x0000000008000b38                ledOff
 .text.gpio_out_toggle
                0x0000000008000b70       0x2a ./src/hw/driver/led.o
                0x0000000008000b70                gpio_out_toggle
 *fill*         0x0000000008000b9a        0x2 
 .text.resetInit
                0x0000000008000b9c       0x8c ./src/hw/driver/reset.o
                0x0000000008000b9c                resetInit
 .text.resetGetCount
                0x0000000008000c28       0x18 ./src/hw/driver/reset.o
                0x0000000008000c28                resetGetCount
 .text.resetToSystemBoot
                0x0000000008000c40       0x88 ./src/hw/driver/reset.o
                0x0000000008000c40                resetToSystemBoot
 .text.rtcInit  0x0000000008000cc8       0x64 ./src/hw/driver/rtc.o
                0x0000000008000cc8                rtcInit
 .text.rtcBackupRegRead
                0x0000000008000d2c       0x20 ./src/hw/driver/rtc.o
                0x0000000008000d2c                rtcBackupRegRead
 .text.rtcBackupRegWrite
                0x0000000008000d4c       0x20 ./src/hw/driver/rtc.o
                0x0000000008000d4c                rtcBackupRegWrite
 .text.HAL_RTC_MspInit
                0x0000000008000d6c       0x78 ./src/hw/driver/rtc.o
                0x0000000008000d6c                HAL_RTC_MspInit
 .text.uartInit
                0x0000000008000de4       0x34 ./src/hw/driver/uart.o
                0x0000000008000de4                uartInit
 .text.uartOpen
                0x0000000008000e18      0x128 ./src/hw/driver/uart.o
                0x0000000008000e18                uartOpen
 .text.uartWrite
                0x0000000008000f40       0x44 ./src/hw/driver/uart.o
                0x0000000008000f40                uartWrite
 .text.uartPrintf
                0x0000000008000f84       0x70 ./src/hw/driver/uart.o
                0x0000000008000f84                uartPrintf
 .text.HAL_UART_ErrorCallback
                0x0000000008000ff4       0x14 ./src/hw/driver/uart.o
                0x0000000008000ff4                HAL_UART_ErrorCallback
 .text.HAL_UART_RxCpltCallback
                0x0000000008001008       0x40 ./src/hw/driver/uart.o
                0x0000000008001008                HAL_UART_RxCpltCallback
 .text.HAL_UART_MspInit
                0x0000000008001048       0xc0 ./src/hw/driver/uart.o
                0x0000000008001048                HAL_UART_MspInit
 .text.usbInit  0x0000000008001108       0x18 ./src/hw/driver/usb.o
                0x0000000008001108                usbInit
 .text.usbBegin
                0x0000000008001120       0x94 ./src/hw/driver/usb.o
                0x0000000008001120                usbBegin
 .text.hwInit   0x00000000080011b4       0xfc ./src/hw/hw.o
                0x00000000080011b4                hwInit
 .text.HAL_Init
                0x00000000080012b0       0x30 ./src/lib/cube_g474/Drivers/STM32G4xx_HAL_Driver/Src/stm32g4xx_hal.o
                0x00000000080012b0                HAL_Init
 .text.HAL_InitTick
                0x00000000080012e0       0x74 ./src/lib/cube_g474/Drivers/STM32G4xx_HAL_Driver/Src/stm32g4xx_hal.o
                0x00000000080012e0                HAL_InitTick
 .text.HAL_IncTick
                0x0000000008001354       0x24 ./src/lib/cube_g474/Drivers/STM32G4xx_HAL_Driver/Src/stm32g4xx_hal.o
                0x0000000008001354                HAL_IncTick
 .text.HAL_GetTick
                0x0000000008001378       0x18 ./src/lib/cube_g474/Drivers/STM32G4xx_HAL_Driver/Src/stm32g4xx_hal.o
                0x0000000008001378                HAL_GetTick
 .text.HAL_Delay
                0x0000000008001390       0x44 ./src/lib/cube_g474/Drivers/STM32G4xx_HAL_Driver/Src/stm32g4xx_hal.o
                0x0000000008001390                HAL_Delay
 .text.__NVIC_SetPriorityGrouping
                0x00000000080013d4       0x48 ./src/lib/cube_g474/Drivers/STM32G4xx_HAL_Driver/Src/stm32g4xx_hal_cortex.o
 .text.__NVIC_GetPriorityGrouping
                0x000000000800141c       0x1c ./src/lib/cube_g474/Drivers/STM32G4xx_HAL_Driver/Src/stm32g4xx_hal_cortex.o
 .text.__NVIC_EnableIRQ
                0x0000000008001438       0x3c ./src/lib/cube_g474/Drivers/STM32G4xx_HAL_Driver/Src/stm32g4xx_hal_cortex.o
 .text.__NVIC_SetPriority
                0x0000000008001474       0x54 ./src/lib/cube_g474/Drivers/STM32G4xx_HAL_Driver/Src/stm32g4xx_hal_cortex.o
 .text.NVIC_EncodePriority
                0x00000000080014c8       0x66 ./src/lib/cube_g474/Drivers/STM32G4xx_HAL_Driver/Src/stm32g4xx_hal_cortex.o
 *fill*         0x000000000800152e        0x2 
 .text.SysTick_Config
                0x0000000008001530       0x44 ./src/lib/cube_g474/Drivers/STM32G4xx_HAL_Driver/Src/stm32g4xx_hal_cortex.o
 .text.HAL_NVIC_SetPriorityGrouping
                0x0000000008001574       0x16 ./src/lib/cube_g474/Drivers/STM32G4xx_HAL_Driver/Src/stm32g4xx_hal_cortex.o
                0x0000000008001574                HAL_NVIC_SetPriorityGrouping
 .text.HAL_NVIC_SetPriority
                0x000000000800158a       0x34 ./src/lib/cube_g474/Drivers/STM32G4xx_HAL_Driver/Src/stm32g4xx_hal_cortex.o
                0x000000000800158a                HAL_NVIC_SetPriority
 .text.HAL_NVIC_EnableIRQ
                0x00000000080015be       0x1c ./src/lib/cube_g474/Drivers/STM32G4xx_HAL_Driver/Src/stm32g4xx_hal_cortex.o
                0x00000000080015be                HAL_NVIC_EnableIRQ
 .text.HAL_SYSTICK_Config
                0x00000000080015da       0x18 ./src/lib/cube_g474/Drivers/STM32G4xx_HAL_Driver/Src/stm32g4xx_hal_cortex.o
                0x00000000080015da                HAL_SYSTICK_Config
 .text.HAL_DMA_Abort
                0x00000000080015f2       0xb2 ./src/lib/cube_g474/Drivers/STM32G4xx_HAL_Driver/Src/stm32g4xx_hal_dma.o
                0x00000000080015f2                HAL_DMA_Abort
 .text.HAL_DMA_Abort_IT
                0x00000000080016a4       0xce ./src/lib/cube_g474/Drivers/STM32G4xx_HAL_Driver/Src/stm32g4xx_hal_dma.o
                0x00000000080016a4                HAL_DMA_Abort_IT
 *fill*         0x0000000008001772        0x2 
 .text.HAL_GPIO_Init
                0x0000000008001774      0x304 ./src/lib/cube_g474/Drivers/STM32G4xx_HAL_Driver/Src/stm32g4xx_hal_gpio.o
                0x0000000008001774                HAL_GPIO_Init
 .text.HAL_GPIO_WritePin
                0x0000000008001a78       0x30 ./src/lib/cube_g474/Drivers/STM32G4xx_HAL_Driver/Src/stm32g4xx_hal_gpio.o
                0x0000000008001a78                HAL_GPIO_WritePin
 .text.HAL_PCD_Init
                0x0000000008001aa8      0x19c ./src/lib/cube_g474/Drivers/STM32G4xx_HAL_Driver/Src/stm32g4xx_hal_pcd.o
                0x0000000008001aa8                HAL_PCD_Init
 .text.HAL_PCD_Start
                0x0000000008001c44       0x44 ./src/lib/cube_g474/Drivers/STM32G4xx_HAL_Driver/Src/stm32g4xx_hal_pcd.o
                0x0000000008001c44                HAL_PCD_Start
 .text.HAL_PCD_IRQHandler
                0x0000000008001c88      0x24e ./src/lib/cube_g474/Drivers/STM32G4xx_HAL_Driver/Src/stm32g4xx_hal_pcd.o
                0x0000000008001c88                HAL_PCD_IRQHandler
 .text.HAL_PCD_SetAddress
                0x0000000008001ed6       0x48 ./src/lib/cube_g474/Drivers/STM32G4xx_HAL_Driver/Src/stm32g4xx_hal_pcd.o
                0x0000000008001ed6                HAL_PCD_SetAddress
 .text.HAL_PCD_EP_Open
                0x0000000008001f1e       0xba ./src/lib/cube_g474/Drivers/STM32G4xx_HAL_Driver/Src/stm32g4xx_hal_pcd.o
                0x0000000008001f1e                HAL_PCD_EP_Open
 .text.HAL_PCD_EP_Close
                0x0000000008001fd8       0x90 ./src/lib/cube_g474/Drivers/STM32G4xx_HAL_Driver/Src/stm32g4xx_hal_pcd.o
                0x0000000008001fd8                HAL_PCD_EP_Close
 .text.HAL_PCD_EP_Receive
                0x0000000008002068       0x62 ./src/lib/cube_g474/Drivers/STM32G4xx_HAL_Driver/Src/stm32g4xx_hal_pcd.o
                0x0000000008002068                HAL_PCD_EP_Receive
 .text.HAL_PCD_EP_GetRxCount
                0x00000000080020ca       0x30 ./src/lib/cube_g474/Drivers/STM32G4xx_HAL_Driver/Src/stm32g4xx_hal_pcd.o
                0x00000000080020ca                HAL_PCD_EP_GetRxCount
 .text.HAL_PCD_EP_Transmit
                0x00000000080020fa       0x6e ./src/lib/cube_g474/Drivers/STM32G4xx_HAL_Driver/Src/stm32g4xx_hal_pcd.o
                0x00000000080020fa                HAL_PCD_EP_Transmit
 .text.HAL_PCD_EP_SetStall
                0x0000000008002168       0xa4 ./src/lib/cube_g474/Drivers/STM32G4xx_HAL_Driver/Src/stm32g4xx_hal_pcd.o
                0x0000000008002168                HAL_PCD_EP_SetStall
 .text.HAL_PCD_EP_ClrStall
                0x000000000800220c       0xa8 ./src/lib/cube_g474/Drivers/STM32G4xx_HAL_Driver/Src/stm32g4xx_hal_pcd.o
                0x000000000800220c                HAL_PCD_EP_ClrStall
 .text.PCD_EP_ISR_Handler
                0x00000000080022b4      0x784 ./src/lib/cube_g474/Drivers/STM32G4xx_HAL_Driver/Src/stm32g4xx_hal_pcd.o
 .text.HAL_PCD_EP_DB_Receive
                0x0000000008002a38      0x212 ./src/lib/cube_g474/Drivers/STM32G4xx_HAL_Driver/Src/stm32g4xx_hal_pcd.o
 .text.HAL_PCD_EP_DB_Transmit
                0x0000000008002c4a      0x7ec ./src/lib/cube_g474/Drivers/STM32G4xx_HAL_Driver/Src/stm32g4xx_hal_pcd.o
 .text.HAL_PCDEx_PMAConfig
                0x0000000008003436       0x86 ./src/lib/cube_g474/Drivers/STM32G4xx_HAL_Driver/Src/stm32g4xx_hal_pcd_ex.o
                0x0000000008003436                HAL_PCDEx_PMAConfig
 .text.HAL_PCDEx_ActivateLPM
                0x00000000080034bc       0x54 ./src/lib/cube_g474/Drivers/STM32G4xx_HAL_Driver/Src/stm32g4xx_hal_pcd_ex.o
                0x00000000080034bc                HAL_PCDEx_ActivateLPM
 .text.HAL_PWREx_ControlVoltageScaling
                0x0000000008003510      0x148 ./src/lib/cube_g474/Drivers/STM32G4xx_HAL_Driver/Src/stm32g4xx_hal_pwr_ex.o
                0x0000000008003510                HAL_PWREx_ControlVoltageScaling
 .text.HAL_PWREx_DisableUCPDDeadBattery
                0x0000000008003658       0x20 ./src/lib/cube_g474/Drivers/STM32G4xx_HAL_Driver/Src/stm32g4xx_hal_pwr_ex.o
                0x0000000008003658                HAL_PWREx_DisableUCPDDeadBattery
 .text.HAL_RCC_DeInit
                0x0000000008003678      0x104 ./src/lib/cube_g474/Drivers/STM32G4xx_HAL_Driver/Src/stm32g4xx_hal_rcc.o
                0x0000000008003678                HAL_RCC_DeInit
 .text.HAL_RCC_OscConfig
                0x000000000800377c      0x624 ./src/lib/cube_g474/Drivers/STM32G4xx_HAL_Driver/Src/stm32g4xx_hal_rcc.o
                0x000000000800377c                HAL_RCC_OscConfig
 .text.HAL_RCC_ClockConfig
                0x0000000008003da0      0x278 ./src/lib/cube_g474/Drivers/STM32G4xx_HAL_Driver/Src/stm32g4xx_hal_rcc.o
                0x0000000008003da0                HAL_RCC_ClockConfig
 .text.HAL_RCC_GetSysClockFreq
                0x0000000008004018       0xc4 ./src/lib/cube_g474/Drivers/STM32G4xx_HAL_Driver/Src/stm32g4xx_hal_rcc.o
                0x0000000008004018                HAL_RCC_GetSysClockFreq
 .text.HAL_RCC_GetHCLKFreq
                0x00000000080040dc       0x18 ./src/lib/cube_g474/Drivers/STM32G4xx_HAL_Driver/Src/stm32g4xx_hal_rcc.o
                0x00000000080040dc                HAL_RCC_GetHCLKFreq
 .text.HAL_RCC_GetPCLK1Freq
                0x00000000080040f4       0x2c ./src/lib/cube_g474/Drivers/STM32G4xx_HAL_Driver/Src/stm32g4xx_hal_rcc.o
                0x00000000080040f4                HAL_RCC_GetPCLK1Freq
 .text.HAL_RCC_GetPCLK2Freq
                0x0000000008004120       0x2c ./src/lib/cube_g474/Drivers/STM32G4xx_HAL_Driver/Src/stm32g4xx_hal_rcc.o
                0x0000000008004120                HAL_RCC_GetPCLK2Freq
 .text.RCC_GetSysClockFreqFromPLLSource
                0x000000000800414c       0x8c ./src/lib/cube_g474/Drivers/STM32G4xx_HAL_Driver/Src/stm32g4xx_hal_rcc.o
 .text.HAL_RCCEx_PeriphCLKConfig
                0x00000000080041d8      0x49c ./src/lib/cube_g474/Drivers/STM32G4xx_HAL_Driver/Src/stm32g4xx_hal_rcc_ex.o
                0x00000000080041d8                HAL_RCCEx_PeriphCLKConfig
 .text.HAL_RTC_Init
                0x0000000008004674       0xfe ./src/lib/cube_g474/Drivers/STM32G4xx_HAL_Driver/Src/stm32g4xx_hal_rtc.o
                0x0000000008004674                HAL_RTC_Init
 *fill*         0x0000000008004772        0x2 
 .text.HAL_RTC_WaitForSynchro
                0x0000000008004774       0x48 ./src/lib/cube_g474/Drivers/STM32G4xx_HAL_Driver/Src/stm32g4xx_hal_rtc.o
                0x0000000008004774                HAL_RTC_WaitForSynchro
 .text.RTC_EnterInitMode
                0x00000000080047bc       0x6c ./src/lib/cube_g474/Drivers/STM32G4xx_HAL_Driver/Src/stm32g4xx_hal_rtc.o
                0x00000000080047bc                RTC_EnterInitMode
 .text.RTC_ExitInitMode
                0x0000000008004828       0x86 ./src/lib/cube_g474/Drivers/STM32G4xx_HAL_Driver/Src/stm32g4xx_hal_rtc.o
                0x0000000008004828                RTC_ExitInitMode
 *fill*         0x00000000080048ae        0x2 
 .text.HAL_RTCEx_BKUPWrite
                0x00000000080048b0       0x30 ./src/lib/cube_g474/Drivers/STM32G4xx_HAL_Driver/Src/stm32g4xx_hal_rtc_ex.o
                0x00000000080048b0                HAL_RTCEx_BKUPWrite
 .text.HAL_RTCEx_BKUPRead
                0x00000000080048e0       0x2c ./src/lib/cube_g474/Drivers/STM32G4xx_HAL_Driver/Src/stm32g4xx_hal_rtc_ex.o
                0x00000000080048e0                HAL_RTCEx_BKUPRead
 .text.HAL_UART_Init
                0x000000000800490c       0xa0 ./src/lib/cube_g474/Drivers/STM32G4xx_HAL_Driver/Src/stm32g4xx_hal_uart.o
                0x000000000800490c                HAL_UART_Init
 .text.HAL_UART_Transmit
                0x00000000080049ac      0x11c ./src/lib/cube_g474/Drivers/STM32G4xx_HAL_Driver/Src/stm32g4xx_hal_uart.o
                0x00000000080049ac                HAL_UART_Transmit
 .text.HAL_UART_Receive_IT
                0x0000000008004ac8       0x98 ./src/lib/cube_g474/Drivers/STM32G4xx_HAL_Driver/Src/stm32g4xx_hal_uart.o
                0x0000000008004ac8                HAL_UART_Receive_IT
 .text.HAL_UART_IRQHandler
                0x0000000008004b60      0x648 ./src/lib/cube_g474/Drivers/STM32G4xx_HAL_Driver/Src/stm32g4xx_hal_uart.o
                0x0000000008004b60                HAL_UART_IRQHandler
 .text.HAL_UART_TxCpltCallback
                0x00000000080051a8       0x14 ./src/lib/cube_g474/Drivers/STM32G4xx_HAL_Driver/Src/stm32g4xx_hal_uart.o
                0x00000000080051a8                HAL_UART_TxCpltCallback
 .text.HAL_UARTEx_RxEventCallback
                0x00000000080051bc       0x18 ./src/lib/cube_g474/Drivers/STM32G4xx_HAL_Driver/Src/stm32g4xx_hal_uart.o
                0x00000000080051bc                HAL_UARTEx_RxEventCallback
 .text.UART_SetConfig
                0x00000000080051d4      0x5f8 ./src/lib/cube_g474/Drivers/STM32G4xx_HAL_Driver/Src/stm32g4xx_hal_uart.o
                0x00000000080051d4                UART_SetConfig
 .text.UART_AdvFeatureConfig
                0x00000000080057cc      0x144 ./src/lib/cube_g474/Drivers/STM32G4xx_HAL_Driver/Src/stm32g4xx_hal_uart.o
                0x00000000080057cc                UART_AdvFeatureConfig
 .text.UART_CheckIdleState
                0x0000000008005910      0x154 ./src/lib/cube_g474/Drivers/STM32G4xx_HAL_Driver/Src/stm32g4xx_hal_uart.o
                0x0000000008005910                UART_CheckIdleState
 .text.UART_WaitOnFlagUntilTimeout
                0x0000000008005a64       0xda ./src/lib/cube_g474/Drivers/STM32G4xx_HAL_Driver/Src/stm32g4xx_hal_uart.o
                0x0000000008005a64                UART_WaitOnFlagUntilTimeout
 *fill*         0x0000000008005b3e        0x2 
 .text.UART_Start_Receive_IT
                0x0000000008005b40      0x244 ./src/lib/cube_g474/Drivers/STM32G4xx_HAL_Driver/Src/stm32g4xx_hal_uart.o
                0x0000000008005b40                UART_Start_Receive_IT
 .text.UART_EndRxTransfer
                0x0000000008005d84       0xcc ./src/lib/cube_g474/Drivers/STM32G4xx_HAL_Driver/Src/stm32g4xx_hal_uart.o
 .text.UART_DMAAbortOnError
                0x0000000008005e50       0x2c ./src/lib/cube_g474/Drivers/STM32G4xx_HAL_Driver/Src/stm32g4xx_hal_uart.o
 .text.UART_EndTransmit_IT
                0x0000000008005e7c       0x56 ./src/lib/cube_g474/Drivers/STM32G4xx_HAL_Driver/Src/stm32g4xx_hal_uart.o
 *fill*         0x0000000008005ed2        0x2 
 .text.UART_RxISR_8BIT
                0x0000000008005ed4      0x1b8 ./src/lib/cube_g474/Drivers/STM32G4xx_HAL_Driver/Src/stm32g4xx_hal_uart.o
 .text.UART_RxISR_16BIT
                0x000000000800608c      0x1b8 ./src/lib/cube_g474/Drivers/STM32G4xx_HAL_Driver/Src/stm32g4xx_hal_uart.o
 .text.UART_RxISR_8BIT_FIFOEN
                0x0000000008006244      0x360 ./src/lib/cube_g474/Drivers/STM32G4xx_HAL_Driver/Src/stm32g4xx_hal_uart.o
 .text.UART_RxISR_16BIT_FIFOEN
                0x00000000080065a4      0x368 ./src/lib/cube_g474/Drivers/STM32G4xx_HAL_Driver/Src/stm32g4xx_hal_uart.o
 .text.HAL_UARTEx_WakeupCallback
                0x000000000800690c       0x14 ./src/lib/cube_g474/Drivers/STM32G4xx_HAL_Driver/Src/stm32g4xx_hal_uart_ex.o
                0x000000000800690c                HAL_UARTEx_WakeupCallback
 .text.HAL_UARTEx_RxFifoFullCallback
                0x0000000008006920       0x14 ./src/lib/cube_g474/Drivers/STM32G4xx_HAL_Driver/Src/stm32g4xx_hal_uart_ex.o
                0x0000000008006920                HAL_UARTEx_RxFifoFullCallback
 .text.HAL_UARTEx_TxFifoEmptyCallback
                0x0000000008006934       0x14 ./src/lib/cube_g474/Drivers/STM32G4xx_HAL_Driver/Src/stm32g4xx_hal_uart_ex.o
                0x0000000008006934                HAL_UARTEx_TxFifoEmptyCallback
 .text.HAL_UARTEx_DisableFifoMode
                0x0000000008006948       0x72 ./src/lib/cube_g474/Drivers/STM32G4xx_HAL_Driver/Src/stm32g4xx_hal_uart_ex.o
                0x0000000008006948                HAL_UARTEx_DisableFifoMode
 .text.HAL_UARTEx_SetTxFifoThreshold
                0x00000000080069ba       0x7c ./src/lib/cube_g474/Drivers/STM32G4xx_HAL_Driver/Src/stm32g4xx_hal_uart_ex.o
                0x00000000080069ba                HAL_UARTEx_SetTxFifoThreshold
 .text.HAL_UARTEx_SetRxFifoThreshold
                0x0000000008006a36       0x7c ./src/lib/cube_g474/Drivers/STM32G4xx_HAL_Driver/Src/stm32g4xx_hal_uart_ex.o
                0x0000000008006a36                HAL_UARTEx_SetRxFifoThreshold
 *fill*         0x0000000008006ab2        0x2 
 .text.UARTEx_SetNbDataToProcess
                0x0000000008006ab4       0x9c ./src/lib/cube_g474/Drivers/STM32G4xx_HAL_Driver/Src/stm32g4xx_hal_uart_ex.o
 .text.USB_EnableGlobalInt
                0x0000000008006b50       0x2e ./src/lib/cube_g474/Drivers/STM32G4xx_HAL_Driver/Src/stm32g4xx_ll_usb.o
                0x0000000008006b50                USB_EnableGlobalInt
 .text.USB_DisableGlobalInt
                0x0000000008006b7e       0x36 ./src/lib/cube_g474/Drivers/STM32G4xx_HAL_Driver/Src/stm32g4xx_ll_usb.o
                0x0000000008006b7e                USB_DisableGlobalInt
 .text.USB_DevInit
                0x0000000008006bb4       0x3c ./src/lib/cube_g474/Drivers/STM32G4xx_HAL_Driver/Src/stm32g4xx_ll_usb.o
                0x0000000008006bb4                USB_DevInit
 .text.USB_ActivateEndpoint
                0x0000000008006bf0      0x788 ./src/lib/cube_g474/Drivers/STM32G4xx_HAL_Driver/Src/stm32g4xx_ll_usb.o
                0x0000000008006bf0                USB_ActivateEndpoint
 .text.USB_DeactivateEndpoint
                0x0000000008007378      0x3da ./src/lib/cube_g474/Drivers/STM32G4xx_HAL_Driver/Src/stm32g4xx_ll_usb.o
                0x0000000008007378                USB_DeactivateEndpoint
 .text.USB_EPStartXfer
                0x0000000008007752     0x1762 ./src/lib/cube_g474/Drivers/STM32G4xx_HAL_Driver/Src/stm32g4xx_ll_usb.o
                0x0000000008007752                USB_EPStartXfer
 .text.USB_EPSetStall
                0x0000000008008eb4       0xa2 ./src/lib/cube_g474/Drivers/STM32G4xx_HAL_Driver/Src/stm32g4xx_ll_usb.o
                0x0000000008008eb4                USB_EPSetStall
 .text.USB_EPClearStall
                0x0000000008008f56      0x15c ./src/lib/cube_g474/Drivers/STM32G4xx_HAL_Driver/Src/stm32g4xx_ll_usb.o
                0x0000000008008f56                USB_EPClearStall
 .text.USB_SetDevAddress
                0x00000000080090b2       0x28 ./src/lib/cube_g474/Drivers/STM32G4xx_HAL_Driver/Src/stm32g4xx_ll_usb.o
                0x00000000080090b2                USB_SetDevAddress
 .text.USB_DevConnect
                0x00000000080090da       0x2e ./src/lib/cube_g474/Drivers/STM32G4xx_HAL_Driver/Src/stm32g4xx_ll_usb.o
                0x00000000080090da                USB_DevConnect
 .text.USB_ReadInterrupts
                0x0000000008009108       0x20 ./src/lib/cube_g474/Drivers/STM32G4xx_HAL_Driver/Src/stm32g4xx_ll_usb.o
                0x0000000008009108                USB_ReadInterrupts
 .text.USB_WritePMA
                0x0000000008009128       0x84 ./src/lib/cube_g474/Drivers/STM32G4xx_HAL_Driver/Src/stm32g4xx_ll_usb.o
                0x0000000008009128                USB_WritePMA
 .text.USB_ReadPMA
                0x00000000080091ac       0x98 ./src/lib/cube_g474/Drivers/STM32G4xx_HAL_Driver/Src/stm32g4xx_ll_usb.o
                0x00000000080091ac                USB_ReadPMA
 .text.USBD_CDC_Init
                0x0000000008009244       0xfe ./src/lib/cube_g474/Middlewares/ST/STM32_USB_Device_Library/Class/CDC/Src/usbd_cdc.o
 .text.USBD_CDC_DeInit
                0x0000000008009342       0x74 ./src/lib/cube_g474/Middlewares/ST/STM32_USB_Device_Library/Class/CDC/Src/usbd_cdc.o
 *fill*         0x00000000080093b6        0x2 
 .text.USBD_CDC_Setup
                0x00000000080093b8      0x190 ./src/lib/cube_g474/Middlewares/ST/STM32_USB_Device_Library/Class/CDC/Src/usbd_cdc.o
 .text.USBD_CDC_DataIn
                0x0000000008009548       0xca ./src/lib/cube_g474/Middlewares/ST/STM32_USB_Device_Library/Class/CDC/Src/usbd_cdc.o
 .text.USBD_CDC_DataOut
                0x0000000008009612       0x56 ./src/lib/cube_g474/Middlewares/ST/STM32_USB_Device_Library/Class/CDC/Src/usbd_cdc.o
 .text.USBD_CDC_EP0_RxReady
                0x0000000008009668       0x5a ./src/lib/cube_g474/Middlewares/ST/STM32_USB_Device_Library/Class/CDC/Src/usbd_cdc.o
 *fill*         0x00000000080096c2        0x2 
 .text.USBD_CDC_GetFSCfgDesc
                0x00000000080096c4       0x20 ./src/lib/cube_g474/Middlewares/ST/STM32_USB_Device_Library/Class/CDC/Src/usbd_cdc.o
 .text.USBD_CDC_GetHSCfgDesc
                0x00000000080096e4       0x20 ./src/lib/cube_g474/Middlewares/ST/STM32_USB_Device_Library/Class/CDC/Src/usbd_cdc.o
 .text.USBD_CDC_GetOtherSpeedCfgDesc
                0x0000000008009704       0x20 ./src/lib/cube_g474/Middlewares/ST/STM32_USB_Device_Library/Class/CDC/Src/usbd_cdc.o
 .text.USBD_CDC_GetDeviceQualifierDescriptor
                0x0000000008009724       0x20 ./src/lib/cube_g474/Middlewares/ST/STM32_USB_Device_Library/Class/CDC/Src/usbd_cdc.o
                0x0000000008009724                USBD_CDC_GetDeviceQualifierDescriptor
 .text.USBD_CDC_RegisterInterface
                0x0000000008009744       0x2a ./src/lib/cube_g474/Middlewares/ST/STM32_USB_Device_Library/Class/CDC/Src/usbd_cdc.o
                0x0000000008009744                USBD_CDC_RegisterInterface
 .text.USBD_CDC_SetTxBuffer
                0x000000000800976e       0x3c ./src/lib/cube_g474/Middlewares/ST/STM32_USB_Device_Library/Class/CDC/Src/usbd_cdc.o
                0x000000000800976e                USBD_CDC_SetTxBuffer
 .text.USBD_CDC_SetRxBuffer
                0x00000000080097aa       0x32 ./src/lib/cube_g474/Middlewares/ST/STM32_USB_Device_Library/Class/CDC/Src/usbd_cdc.o
                0x00000000080097aa                USBD_CDC_SetRxBuffer
 .text.USBD_CDC_ReceivePacket
                0x00000000080097dc       0x54 ./src/lib/cube_g474/Middlewares/ST/STM32_USB_Device_Library/Class/CDC/Src/usbd_cdc.o
                0x00000000080097dc                USBD_CDC_ReceivePacket
 .text.USBD_Init
                0x0000000008009830       0x60 ./src/lib/cube_g474/Middlewares/ST/STM32_USB_Device_Library/Core/Src/usbd_core.o
                0x0000000008009830                USBD_Init
 .text.USBD_RegisterClass
                0x0000000008009890       0x4e ./src/lib/cube_g474/Middlewares/ST/STM32_USB_Device_Library/Core/Src/usbd_core.o
                0x0000000008009890                USBD_RegisterClass
 .text.USBD_Start
                0x00000000080098de       0x18 ./src/lib/cube_g474/Middlewares/ST/STM32_USB_Device_Library/Core/Src/usbd_core.o
                0x00000000080098de                USBD_Start
 .text.USBD_RunTestMode
                0x00000000080098f6       0x16 ./src/lib/cube_g474/Middlewares/ST/STM32_USB_Device_Library/Core/Src/usbd_core.o
                0x00000000080098f6                USBD_RunTestMode
 .text.USBD_SetClassConfig
                0x000000000800990c       0x38 ./src/lib/cube_g474/Middlewares/ST/STM32_USB_Device_Library/Core/Src/usbd_core.o
                0x000000000800990c                USBD_SetClassConfig
 .text.USBD_ClrClassConfig
                0x0000000008009944       0x30 ./src/lib/cube_g474/Middlewares/ST/STM32_USB_Device_Library/Core/Src/usbd_core.o
                0x0000000008009944                USBD_ClrClassConfig
 .text.USBD_LL_SetupStage
                0x0000000008009974       0xaa ./src/lib/cube_g474/Middlewares/ST/STM32_USB_Device_Library/Core/Src/usbd_core.o
                0x0000000008009974                USBD_LL_SetupStage
 .text.USBD_LL_DataOutStage
                0x0000000008009a1e       0xc6 ./src/lib/cube_g474/Middlewares/ST/STM32_USB_Device_Library/Core/Src/usbd_core.o
                0x0000000008009a1e                USBD_LL_DataOutStage
 .text.USBD_LL_DataInStage
                0x0000000008009ae4      0x12c ./src/lib/cube_g474/Middlewares/ST/STM32_USB_Device_Library/Core/Src/usbd_core.o
                0x0000000008009ae4                USBD_LL_DataInStage
 .text.USBD_LL_Reset
                0x0000000008009c10       0x9c ./src/lib/cube_g474/Middlewares/ST/STM32_USB_Device_Library/Core/Src/usbd_core.o
                0x0000000008009c10                USBD_LL_Reset
 .text.USBD_LL_SetSpeed
                0x0000000008009cac       0x20 ./src/lib/cube_g474/Middlewares/ST/STM32_USB_Device_Library/Core/Src/usbd_core.o
                0x0000000008009cac                USBD_LL_SetSpeed
 .text.USBD_LL_Suspend
                0x0000000008009ccc       0x2c ./src/lib/cube_g474/Middlewares/ST/STM32_USB_Device_Library/Core/Src/usbd_core.o
                0x0000000008009ccc                USBD_LL_Suspend
 .text.USBD_LL_Resume
                0x0000000008009cf8       0x30 ./src/lib/cube_g474/Middlewares/ST/STM32_USB_Device_Library/Core/Src/usbd_core.o
                0x0000000008009cf8                USBD_LL_Resume
 .text.USBD_LL_SOF
                0x0000000008009d28       0x44 ./src/lib/cube_g474/Middlewares/ST/STM32_USB_Device_Library/Core/Src/usbd_core.o
                0x0000000008009d28                USBD_LL_SOF
 .text.SWAPBYTE
                0x0000000008009d6c       0x3c ./src/lib/cube_g474/Middlewares/ST/STM32_USB_Device_Library/Core/Src/usbd_ctlreq.o
 .text.USBD_StdDevReq
                0x0000000008009da8       0xdc ./src/lib/cube_g474/Middlewares/ST/STM32_USB_Device_Library/Core/Src/usbd_ctlreq.o
                0x0000000008009da8                USBD_StdDevReq
 .text.USBD_StdItfReq
                0x0000000008009e84       0x92 ./src/lib/cube_g474/Middlewares/ST/STM32_USB_Device_Library/Core/Src/usbd_ctlreq.o
                0x0000000008009e84                USBD_StdItfReq
 .text.USBD_StdEPReq
                0x0000000008009f16      0x2c4 ./src/lib/cube_g474/Middlewares/ST/STM32_USB_Device_Library/Core/Src/usbd_ctlreq.o
                0x0000000008009f16                USBD_StdEPReq
 *fill*         0x000000000800a1da        0x2 
 .text.USBD_GetDescriptor
                0x000000000800a1dc      0x328 ./src/lib/cube_g474/Middlewares/ST/STM32_USB_Device_Library/Core/Src/usbd_ctlreq.o
 .text.USBD_SetAddress
                0x000000000800a504       0x88 ./src/lib/cube_g474/Middlewares/ST/STM32_USB_Device_Library/Core/Src/usbd_ctlreq.o
 .text.USBD_SetConfig
                0x000000000800a58c      0x14c ./src/lib/cube_g474/Middlewares/ST/STM32_USB_Device_Library/Core/Src/usbd_ctlreq.o
 .text.USBD_GetConfig
                0x000000000800a6d8       0x6c ./src/lib/cube_g474/Middlewares/ST/STM32_USB_Device_Library/Core/Src/usbd_ctlreq.o
 .text.USBD_GetStatus
                0x000000000800a744       0x68 ./src/lib/cube_g474/Middlewares/ST/STM32_USB_Device_Library/Core/Src/usbd_ctlreq.o
 .text.USBD_SetFeature
                0x000000000800a7ac       0x28 ./src/lib/cube_g474/Middlewares/ST/STM32_USB_Device_Library/Core/Src/usbd_ctlreq.o
 .text.USBD_ClrFeature
                0x000000000800a7d4       0x44 ./src/lib/cube_g474/Middlewares/ST/STM32_USB_Device_Library/Core/Src/usbd_ctlreq.o
 .text.USBD_ParseSetupRequest
                0x000000000800a818       0x74 ./src/lib/cube_g474/Middlewares/ST/STM32_USB_Device_Library/Core/Src/usbd_ctlreq.o
                0x000000000800a818                USBD_ParseSetupRequest
 .text.USBD_CtlError
                0x000000000800a88c       0x22 ./src/lib/cube_g474/Middlewares/ST/STM32_USB_Device_Library/Core/Src/usbd_ctlreq.o
                0x000000000800a88c                USBD_CtlError
 .text.USBD_GetString
                0x000000000800a8ae       0x8c ./src/lib/cube_g474/Middlewares/ST/STM32_USB_Device_Library/Core/Src/usbd_ctlreq.o
                0x000000000800a8ae                USBD_GetString
 .text.USBD_GetLen
                0x000000000800a93a       0x34 ./src/lib/cube_g474/Middlewares/ST/STM32_USB_Device_Library/Core/Src/usbd_ctlreq.o
 .text.USBD_CtlSendData
                0x000000000800a96e       0x36 ./src/lib/cube_g474/Middlewares/ST/STM32_USB_Device_Library/Core/Src/usbd_ioreq.o
                0x000000000800a96e                USBD_CtlSendData
 .text.USBD_CtlContinueSendData
                0x000000000800a9a4       0x22 ./src/lib/cube_g474/Middlewares/ST/STM32_USB_Device_Library/Core/Src/usbd_ioreq.o
                0x000000000800a9a4                USBD_CtlContinueSendData
 .text.USBD_CtlPrepareRx
                0x000000000800a9c6       0x3a ./src/lib/cube_g474/Middlewares/ST/STM32_USB_Device_Library/Core/Src/usbd_ioreq.o
                0x000000000800a9c6                USBD_CtlPrepareRx
 .text.USBD_CtlContinueRx
                0x000000000800aa00       0x22 ./src/lib/cube_g474/Middlewares/ST/STM32_USB_Device_Library/Core/Src/usbd_ioreq.o
                0x000000000800aa00                USBD_CtlContinueRx
 .text.USBD_CtlSendStatus
                0x000000000800aa22       0x26 ./src/lib/cube_g474/Middlewares/ST/STM32_USB_Device_Library/Core/Src/usbd_ioreq.o
                0x000000000800aa22                USBD_CtlSendStatus
 .text.USBD_CtlReceiveStatus
                0x000000000800aa48       0x26 ./src/lib/cube_g474/Middlewares/ST/STM32_USB_Device_Library/Core/Src/usbd_ioreq.o
                0x000000000800aa48                USBD_CtlReceiveStatus
 *fill*         0x000000000800aa6e        0x2 
 .text.MX_USB_Device_Init
                0x000000000800aa70       0x60 ./src/lib/cube_g474/USB_Device/App/usb_device.o
                0x000000000800aa70                MX_USB_Device_Init
 .text.CDC_Init_FS
                0x000000000800aad0       0x28 ./src/lib/cube_g474/USB_Device/App/usbd_cdc_if.o
 .text.CDC_DeInit_FS
                0x000000000800aaf8       0x10 ./src/lib/cube_g474/USB_Device/App/usbd_cdc_if.o
 .text.CDC_Control_FS
                0x000000000800ab08      0x194 ./src/lib/cube_g474/USB_Device/App/usbd_cdc_if.o
 .text.CDC_Receive_FS
                0x000000000800ac9c       0x5c ./src/lib/cube_g474/USB_Device/App/usbd_cdc_if.o
 .text.CDC_TransmitCplt_FS
                0x000000000800acf8       0x22 ./src/lib/cube_g474/USB_Device/App/usbd_cdc_if.o
 *fill*         0x000000000800ad1a        0x2 
 .text.cdcIfInit
                0x000000000800ad1c       0x3c ./src/lib/cube_g474/USB_Device/App/usbd_cdc_if.o
                0x000000000800ad1c                cdcIfInit
 .text.USBD_CDC_DeviceDescriptor
                0x000000000800ad58       0x24 ./src/lib/cube_g474/USB_Device/App/usbd_desc.o
                0x000000000800ad58                USBD_CDC_DeviceDescriptor
 .text.USBD_CDC_LangIDStrDescriptor
                0x000000000800ad7c       0x24 ./src/lib/cube_g474/USB_Device/App/usbd_desc.o
                0x000000000800ad7c                USBD_CDC_LangIDStrDescriptor
 .text.USBD_CDC_ProductStrDescriptor
                0x000000000800ada0       0x3c ./src/lib/cube_g474/USB_Device/App/usbd_desc.o
                0x000000000800ada0                USBD_CDC_ProductStrDescriptor
 .text.USBD_CDC_ManufacturerStrDescriptor
                0x000000000800addc       0x28 ./src/lib/cube_g474/USB_Device/App/usbd_desc.o
                0x000000000800addc                USBD_CDC_ManufacturerStrDescriptor
 .text.USBD_CDC_SerialStrDescriptor
                0x000000000800ae04       0x24 ./src/lib/cube_g474/USB_Device/App/usbd_desc.o
                0x000000000800ae04                USBD_CDC_SerialStrDescriptor
 .text.USBD_CDC_ConfigStrDescriptor
                0x000000000800ae28       0x3c ./src/lib/cube_g474/USB_Device/App/usbd_desc.o
                0x000000000800ae28                USBD_CDC_ConfigStrDescriptor
 .text.USBD_CDC_InterfaceStrDescriptor
                0x000000000800ae64       0x3c ./src/lib/cube_g474/USB_Device/App/usbd_desc.o
                0x000000000800ae64                USBD_CDC_InterfaceStrDescriptor
 .text.Get_SerialNum
                0x000000000800aea0       0x58 ./src/lib/cube_g474/USB_Device/App/usbd_desc.o
 .text.IntToUnicode
                0x000000000800aef8       0x7e ./src/lib/cube_g474/USB_Device/App/usbd_desc.o
 *fill*         0x000000000800af76        0x2 
 .text.HAL_PCD_MspInit
                0x000000000800af78       0x78 ./src/lib/cube_g474/USB_Device/Target/usbd_conf.o
                0x000000000800af78                HAL_PCD_MspInit
 .text.HAL_PCD_SetupStageCallback
                0x000000000800aff0       0x24 ./src/lib/cube_g474/USB_Device/Target/usbd_conf.o
                0x000000000800aff0                HAL_PCD_SetupStageCallback
 .text.HAL_PCD_DataOutStageCallback
                0x000000000800b014       0x36 ./src/lib/cube_g474/USB_Device/Target/usbd_conf.o
                0x000000000800b014                HAL_PCD_DataOutStageCallback
 .text.HAL_PCD_DataInStageCallback
                0x000000000800b04a       0x34 ./src/lib/cube_g474/USB_Device/Target/usbd_conf.o
                0x000000000800b04a                HAL_PCD_DataInStageCallback
 .text.HAL_PCD_SOFCallback
                0x000000000800b07e       0x1c ./src/lib/cube_g474/USB_Device/Target/usbd_conf.o
                0x000000000800b07e                HAL_PCD_SOFCallback
 .text.HAL_PCD_ResetCallback
                0x000000000800b09a       0x3c ./src/lib/cube_g474/USB_Device/Target/usbd_conf.o
                0x000000000800b09a                HAL_PCD_ResetCallback
 *fill*         0x000000000800b0d6        0x2 
 .text.HAL_PCD_SuspendCallback
                0x000000000800b0d8       0x34 ./src/lib/cube_g474/USB_Device/Target/usbd_conf.o
                0x000000000800b0d8                HAL_PCD_SuspendCallback
 .text.HAL_PCD_ResumeCallback
                0x000000000800b10c       0x38 ./src/lib/cube_g474/USB_Device/Target/usbd_conf.o
                0x000000000800b10c                HAL_PCD_ResumeCallback
 .text.USBD_LL_Init
                0x000000000800b144       0xc0 ./src/lib/cube_g474/USB_Device/Target/usbd_conf.o
                0x000000000800b144                USBD_LL_Init
 .text.USBD_LL_Start
                0x000000000800b204       0x36 ./src/lib/cube_g474/USB_Device/Target/usbd_conf.o
                0x000000000800b204                USBD_LL_Start
 .text.USBD_LL_OpenEP
                0x000000000800b23a       0x4c ./src/lib/cube_g474/USB_Device/Target/usbd_conf.o
                0x000000000800b23a                USBD_LL_OpenEP
 .text.USBD_LL_CloseEP
                0x000000000800b286       0x3e ./src/lib/cube_g474/USB_Device/Target/usbd_conf.o
                0x000000000800b286                USBD_LL_CloseEP
 .text.USBD_LL_StallEP
                0x000000000800b2c4       0x3e ./src/lib/cube_g474/USB_Device/Target/usbd_conf.o
                0x000000000800b2c4                USBD_LL_StallEP
 .text.USBD_LL_ClearStallEP
                0x000000000800b302       0x3e ./src/lib/cube_g474/USB_Device/Target/usbd_conf.o
                0x000000000800b302                USBD_LL_ClearStallEP
 .text.USBD_LL_IsStallEP
                0x000000000800b340       0x58 ./src/lib/cube_g474/USB_Device/Target/usbd_conf.o
                0x000000000800b340                USBD_LL_IsStallEP
 .text.USBD_LL_SetUSBAddress
                0x000000000800b398       0x3e ./src/lib/cube_g474/USB_Device/Target/usbd_conf.o
                0x000000000800b398                USBD_LL_SetUSBAddress
 .text.USBD_LL_Transmit
                0x000000000800b3d6       0x42 ./src/lib/cube_g474/USB_Device/Target/usbd_conf.o
                0x000000000800b3d6                USBD_LL_Transmit
 .text.USBD_LL_PrepareReceive
                0x000000000800b418       0x42 ./src/lib/cube_g474/USB_Device/Target/usbd_conf.o
                0x000000000800b418                USBD_LL_PrepareReceive
 .text.USBD_LL_GetRxDataSize
                0x000000000800b45a       0x26 ./src/lib/cube_g474/USB_Device/Target/usbd_conf.o
                0x000000000800b45a                USBD_LL_GetRxDataSize
 .text.HAL_PCDEx_LPM_Callback
                0x000000000800b480       0x6c ./src/lib/cube_g474/USB_Device/Target/usbd_conf.o
                0x000000000800b480                HAL_PCDEx_LPM_Callback
 .text.USBD_static_malloc
                0x000000000800b4ec       0x1c ./src/lib/cube_g474/USB_Device/Target/usbd_conf.o
                0x000000000800b4ec                USBD_static_malloc
 .text.USBD_static_free
                0x000000000800b508       0x14 ./src/lib/cube_g474/USB_Device/Target/usbd_conf.o
                0x000000000800b508                USBD_static_free
 .text.SystemClockConfig_Resume
                0x000000000800b51c        0xc ./src/lib/cube_g474/USB_Device/Target/usbd_conf.o
 .text.USBD_Get_USB_Status
                0x000000000800b528       0x58 ./src/lib/cube_g474/USB_Device/Target/usbd_conf.o
 .text.main     0x000000000800b580       0x16 ./src/main.o
                0x000000000800b580                main
 .text._vsnprintf_r
                0x000000000800b596       0x56 C:/ST/STM32CubeIDE_1.14.0/STM32CubeIDE/plugins/com.st.stm32cube.ide.mcu.externaltools.gnu-tools-for-stm32.11.3.rel1.win32_1.1.100.202309141235/tools/bin/../lib/gcc/arm-none-eabi/11.3.1/../../../../arm-none-eabi/lib/thumb/v7e-m+fp/hard\libc_nano.a(libc_a-vsnprintf.o)
                0x000000000800b596                _vsniprintf_r
                0x000000000800b596                _vsnprintf_r
 .text.vsnprintf
                0x000000000800b5ec       0x1c C:/ST/STM32CubeIDE_1.14.0/STM32CubeIDE/plugins/com.st.stm32cube.ide.mcu.externaltools.gnu-tools-for-stm32.11.3.rel1.win32_1.1.100.202309141235/tools/bin/../lib/gcc/arm-none-eabi/11.3.1/../../../../arm-none-eabi/lib/thumb/v7e-m+fp/hard\libc_nano.a(libc_a-vsnprintf.o)
                0x000000000800b5ec                vsniprintf
                0x000000000800b5ec                vsnprintf
 .text.memset   0x000000000800b608       0x10 C:/ST/STM32CubeIDE_1.14.0/STM32CubeIDE/plugins/com.st.stm32cube.ide.mcu.externaltools.gnu-tools-for-stm32.11.3.rel1.win32_1.1.100.202309141235/tools/bin/../lib/gcc/arm-none-eabi/11.3.1/../../../../arm-none-eabi/lib/thumb/v7e-m+fp/hard\libc_nano.a(libc_a-memset.o)
                0x000000000800b608                memset
 .text.__errno  0x000000000800b618        0xc C:/ST/STM32CubeIDE_1.14.0/STM32CubeIDE/plugins/com.st.stm32cube.ide.mcu.externaltools.gnu-tools-for-stm32.11.3.rel1.win32_1.1.100.202309141235/tools/bin/../lib/gcc/arm-none-eabi/11.3.1/../../../../arm-none-eabi/lib/thumb/v7e-m+fp/hard\libc_nano.a(libc_a-errno.o)
                0x000000000800b618                __errno
 .text.__libc_init_array
                0x000000000800b624       0x48 C:/ST/STM32CubeIDE_1.14.0/STM32CubeIDE/plugins/com.st.stm32cube.ide.mcu.externaltools.gnu-tools-for-stm32.11.3.rel1.win32_1.1.100.202309141235/tools/bin/../lib/gcc/arm-none-eabi/11.3.1/../../../../arm-none-eabi/lib/thumb/v7e-m+fp/hard\libc_nano.a(libc_a-init.o)
                0x000000000800b624                __libc_init_array
 .text.__retarget_lock_acquire_recursive
                0x000000000800b66c        0x2 C:/ST/STM32CubeIDE_1.14.0/STM32CubeIDE/plugins/com.st.stm32cube.ide.mcu.externaltools.gnu-tools-for-stm32.11.3.rel1.win32_1.1.100.202309141235/tools/bin/../lib/gcc/arm-none-eabi/11.3.1/../../../../arm-none-eabi/lib/thumb/v7e-m+fp/hard\libc_nano.a(libc_a-lock.o)
                0x000000000800b66c                __retarget_lock_acquire_recursive
 .text.__retarget_lock_release_recursive
                0x000000000800b66e        0x2 C:/ST/STM32CubeIDE_1.14.0/STM32CubeIDE/plugins/com.st.stm32cube.ide.mcu.externaltools.gnu-tools-for-stm32.11.3.rel1.win32_1.1.100.202309141235/tools/bin/../lib/gcc/arm-none-eabi/11.3.1/../../../../arm-none-eabi/lib/thumb/v7e-m+fp/hard\libc_nano.a(libc_a-lock.o)
                0x000000000800b66e                __retarget_lock_release_recursive
 .text._free_r  0x000000000800b670       0x98 C:/ST/STM32CubeIDE_1.14.0/STM32CubeIDE/plugins/com.st.stm32cube.ide.mcu.externaltools.gnu-tools-for-stm32.11.3.rel1.win32_1.1.100.202309141235/tools/bin/../lib/gcc/arm-none-eabi/11.3.1/../../../../arm-none-eabi/lib/thumb/v7e-m+fp/hard\libc_nano.a(libc_a-freer.o)
                0x000000000800b670                _free_r
 .text.sbrk_aligned
                0x000000000800b708       0x40 C:/ST/STM32CubeIDE_1.14.0/STM32CubeIDE/plugins/com.st.stm32cube.ide.mcu.externaltools.gnu-tools-for-stm32.11.3.rel1.win32_1.1.100.202309141235/tools/bin/../lib/gcc/arm-none-eabi/11.3.1/../../../../arm-none-eabi/lib/thumb/v7e-m+fp/hard\libc_nano.a(libc_a-mallocr.o)
 .text._malloc_r
                0x000000000800b748      0x100 C:/ST/STM32CubeIDE_1.14.0/STM32CubeIDE/plugins/com.st.stm32cube.ide.mcu.externaltools.gnu-tools-for-stm32.11.3.rel1.win32_1.1.100.202309141235/tools/bin/../lib/gcc/arm-none-eabi/11.3.1/../../../../arm-none-eabi/lib/thumb/v7e-m+fp/hard\libc_nano.a(libc_a-mallocr.o)
                0x000000000800b748                _malloc_r
 .text.__malloc_lock
                0x000000000800b848        0xc C:/ST/STM32CubeIDE_1.14.0/STM32CubeIDE/plugins/com.st.stm32cube.ide.mcu.externaltools.gnu-tools-for-stm32.11.3.rel1.win32_1.1.100.202309141235/tools/bin/../lib/gcc/arm-none-eabi/11.3.1/../../../../arm-none-eabi/lib/thumb/v7e-m+fp/hard\libc_nano.a(libc_a-mlock.o)
                0x000000000800b848                __malloc_lock
 .text.__malloc_unlock
                0x000000000800b854        0xc C:/ST/STM32CubeIDE_1.14.0/STM32CubeIDE/plugins/com.st.stm32cube.ide.mcu.externaltools.gnu-tools-for-stm32.11.3.rel1.win32_1.1.100.202309141235/tools/bin/../lib/gcc/arm-none-eabi/11.3.1/../../../../arm-none-eabi/lib/thumb/v7e-m+fp/hard\libc_nano.a(libc_a-mlock.o)
                0x000000000800b854                __malloc_unlock
 .text.__ssputs_r
                0x000000000800b860       0xb4 C:/ST/STM32CubeIDE_1.14.0/STM32CubeIDE/plugins/com.st.stm32cube.ide.mcu.externaltools.gnu-tools-for-stm32.11.3.rel1.win32_1.1.100.202309141235/tools/bin/../lib/gcc/arm-none-eabi/11.3.1/../../../../arm-none-eabi/lib/thumb/v7e-m+fp/hard\libc_nano.a(libc_a-nano-svfprintf.o)
                0x000000000800b860                __ssputs_r
 .text._svfprintf_r
                0x000000000800b914      0x1fc C:/ST/STM32CubeIDE_1.14.0/STM32CubeIDE/plugins/com.st.stm32cube.ide.mcu.externaltools.gnu-tools-for-stm32.11.3.rel1.win32_1.1.100.202309141235/tools/bin/../lib/gcc/arm-none-eabi/11.3.1/../../../../arm-none-eabi/lib/thumb/v7e-m+fp/hard\libc_nano.a(libc_a-nano-svfprintf.o)
                0x000000000800b914                _svfiprintf_r
                0x000000000800b914                _svfprintf_r
 .text._printf_common
                0x000000000800bb10       0xda C:/ST/STM32CubeIDE_1.14.0/STM32CubeIDE/plugins/com.st.stm32cube.ide.mcu.externaltools.gnu-tools-for-stm32.11.3.rel1.win32_1.1.100.202309141235/tools/bin/../lib/gcc/arm-none-eabi/11.3.1/../../../../arm-none-eabi/lib/thumb/v7e-m+fp/hard\libc_nano.a(libc_a-nano-vfprintf_i.o)
                0x000000000800bb10                _printf_common
 *fill*         0x000000000800bbea        0x2 
 .text._printf_i
                0x000000000800bbec      0x244 C:/ST/STM32CubeIDE_1.14.0/STM32CubeIDE/plugins/com.st.stm32cube.ide.mcu.externaltools.gnu-tools-for-stm32.11.3.rel1.win32_1.1.100.202309141235/tools/bin/../lib/gcc/arm-none-eabi/11.3.1/../../../../arm-none-eabi/lib/thumb/v7e-m+fp/hard\libc_nano.a(libc_a-nano-vfprintf_i.o)
                0x000000000800bbec                _printf_i
 .text.memmove  0x000000000800be30       0x34 C:/ST/STM32CubeIDE_1.14.0/STM32CubeIDE/plugins/com.st.stm32cube.ide.mcu.externaltools.gnu-tools-for-stm32.11.3.rel1.win32_1.1.100.202309141235/tools/bin/../lib/gcc/arm-none-eabi/11.3.1/../../../../arm-none-eabi/lib/thumb/v7e-m+fp/hard\libc_nano.a(libc_a-memmove.o)
                0x000000000800be30                memmove
 .text._sbrk_r  0x000000000800be64       0x20 C:/ST/STM32CubeIDE_1.14.0/STM32CubeIDE/plugins/com.st.stm32cube.ide.mcu.externaltools.gnu-tools-for-stm32.11.3.rel1.win32_1.1.100.202309141235/tools/bin/../lib/gcc/arm-none-eabi/11.3.1/../../../../arm-none-eabi/lib/thumb/v7e-m+fp/hard\libc_nano.a(libc_a-sbrkr.o)
                0x000000000800be64                _sbrk_r
 .text.memcpy   0x000000000800be84       0x1c C:/ST/STM32CubeIDE_1.14.0/STM32CubeIDE/plugins/com.st.stm32cube.ide.mcu.externaltools.gnu-tools-for-stm32.11.3.rel1.win32_1.1.100.202309141235/tools/bin/../lib/gcc/arm-none-eabi/11.3.1/../../../../arm-none-eabi/lib/thumb/v7e-m+fp/hard\libc_nano.a(libc_a-memcpy-stub.o)
                0x000000000800be84                memcpy
 .text._realloc_r
                0x000000000800bea0       0x5e C:/ST/STM32CubeIDE_1.14.0/STM32CubeIDE/plugins/com.st.stm32cube.ide.mcu.externaltools.gnu-tools-for-stm32.11.3.rel1.win32_1.1.100.202309141235/tools/bin/../lib/gcc/arm-none-eabi/11.3.1/../../../../arm-none-eabi/lib/thumb/v7e-m+fp/hard\libc_nano.a(libc_a-reallocr.o)
                0x000000000800bea0                _realloc_r
 .text._malloc_usable_size_r
                0x000000000800befe       0x10 C:/ST/STM32CubeIDE_1.14.0/STM32CubeIDE/plugins/com.st.stm32cube.ide.mcu.externaltools.gnu-tools-for-stm32.11.3.rel1.win32_1.1.100.202309141235/tools/bin/../lib/gcc/arm-none-eabi/11.3.1/../../../../arm-none-eabi/lib/thumb/v7e-m+fp/hard\libc_nano.a(libc_a-msizer.o)
                0x000000000800befe                _malloc_usable_size_r
 *(.glue_7)
 .glue_7        0x000000000800bf0e        0x0 linker stubs
 *(.glue_7t)
 .glue_7t       0x000000000800bf0e        0x0 linker stubs
 *(.eh_frame)
 *fill*         0x000000000800bf0e        0x2 
 .eh_frame      0x000000000800bf10        0x0 C:/ST/STM32CubeIDE_1.14.0/STM32CubeIDE/plugins/com.st.stm32cube.ide.mcu.externaltools.gnu-tools-for-stm32.11.3.rel1.win32_1.1.100.202309141235/tools/bin/../lib/gcc/arm-none-eabi/11.3.1/thumb/v7e-m+fp/hard/crtbegin.o
 *(.init)
 .init          0x000000000800bf10        0x4 C:/ST/STM32CubeIDE_1.14.0/STM32CubeIDE/plugins/com.st.stm32cube.ide.mcu.externaltools.gnu-tools-for-stm32.11.3.rel1.win32_1.1.100.202309141235/tools/bin/../lib/gcc/arm-none-eabi/11.3.1/thumb/v7e-m+fp/hard/crti.o
                0x000000000800bf10                _init
 .init          0x000000000800bf14        0x8 C:/ST/STM32CubeIDE_1.14.0/STM32CubeIDE/plugins/com.st.stm32cube.ide.mcu.externaltools.gnu-tools-for-stm32.11.3.rel1.win32_1.1.100.202309141235/tools/bin/../lib/gcc/arm-none-eabi/11.3.1/thumb/v7e-m+fp/hard/crtn.o
 *(.fini)
 .fini          0x000000000800bf1c        0x4 C:/ST/STM32CubeIDE_1.14.0/STM32CubeIDE/plugins/com.st.stm32cube.ide.mcu.externaltools.gnu-tools-for-stm32.11.3.rel1.win32_1.1.100.202309141235/tools/bin/../lib/gcc/arm-none-eabi/11.3.1/thumb/v7e-m+fp/hard/crti.o
                0x000000000800bf1c                _fini
 .fini          0x000000000800bf20        0x8 C:/ST/STM32CubeIDE_1.14.0/STM32CubeIDE/plugins/com.st.stm32cube.ide.mcu.externaltools.gnu-tools-for-stm32.11.3.rel1.win32_1.1.100.202309141235/tools/bin/../lib/gcc/arm-none-eabi/11.3.1/thumb/v7e-m+fp/hard/crtn.o
                0x000000000800bf28                . = ALIGN (0x4)
                0x000000000800bf28                _etext = .

.vfp11_veneer   0x000000000800bf28        0x0
 .vfp11_veneer  0x000000000800bf28        0x0 linker stubs

.v4_bx          0x000000000800bf28        0x0
 .v4_bx         0x000000000800bf28        0x0 linker stubs

.iplt           0x000000000800bf28        0x0
 .iplt          0x000000000800bf28        0x0 C:/ST/STM32CubeIDE_1.14.0/STM32CubeIDE/plugins/com.st.stm32cube.ide.mcu.externaltools.gnu-tools-for-stm32.11.3.rel1.win32_1.1.100.202309141235/tools/bin/../lib/gcc/arm-none-eabi/11.3.1/thumb/v7e-m+fp/hard/crtbegin.o

.rodata         0x000000000800bf28       0xe0
                0x000000000800bf28                . = ALIGN (0x4)
 *(.rodata)
 .rodata        0x000000000800bf28       0x1a ./src/hw/hw.o
 *fill*         0x000000000800bf42        0x2 
 .rodata        0x000000000800bf44       0x46 ./src/lib/cube_g474/USB_Device/App/usbd_desc.o
 *(.rodata*)
 *fill*         0x000000000800bf8a        0x2 
 .rodata.AHBPrescTable
                0x000000000800bf8c       0x10 ./src/bsp/system_stm32g4xx.o
                0x000000000800bf8c                AHBPrescTable
 .rodata.APBPrescTable
                0x000000000800bf9c        0x8 ./src/bsp/system_stm32g4xx.o
                0x000000000800bf9c                APBPrescTable
 .rodata.led_tbl
                0x000000000800bfa4        0x8 ./src/hw/driver/led.o
 .rodata.UARTPrescTable
                0x000000000800bfac       0x18 ./src/lib/cube_g474/Drivers/STM32G4xx_HAL_Driver/Src/stm32g4xx_hal_uart.o
                0x000000000800bfac                UARTPrescTable
 .rodata.numerator.1
                0x000000000800bfc4        0x8 ./src/lib/cube_g474/Drivers/STM32G4xx_HAL_Driver/Src/stm32g4xx_hal_uart_ex.o
 .rodata.denominator.0
                0x000000000800bfcc        0x8 ./src/lib/cube_g474/Drivers/STM32G4xx_HAL_Driver/Src/stm32g4xx_hal_uart_ex.o
 .rodata._svfprintf_r.str1.1
                0x000000000800bfd4       0x11 C:/ST/STM32CubeIDE_1.14.0/STM32CubeIDE/plugins/com.st.stm32cube.ide.mcu.externaltools.gnu-tools-for-stm32.11.3.rel1.win32_1.1.100.202309141235/tools/bin/../lib/gcc/arm-none-eabi/11.3.1/../../../../arm-none-eabi/lib/thumb/v7e-m+fp/hard\libc_nano.a(libc_a-nano-svfprintf.o)
 .rodata._printf_i.str1.1
                0x000000000800bfe5       0x22 C:/ST/STM32CubeIDE_1.14.0/STM32CubeIDE/plugins/com.st.stm32cube.ide.mcu.externaltools.gnu-tools-for-stm32.11.3.rel1.win32_1.1.100.202309141235/tools/bin/../lib/gcc/arm-none-eabi/11.3.1/../../../../arm-none-eabi/lib/thumb/v7e-m+fp/hard\libc_nano.a(libc_a-nano-vfprintf_i.o)
                0x000000000800c008                . = ALIGN (0x4)
 *fill*         0x000000000800c007        0x1 

.ARM.extab      0x000000000800c008        0x0
                0x000000000800c008                . = ALIGN (0x4)
 *(.ARM.extab* .gnu.linkonce.armextab.*)
                0x000000000800c008                . = ALIGN (0x4)

.ARM            0x000000000800c008        0x8
                0x000000000800c008                . = ALIGN (0x4)
                0x000000000800c008                __exidx_start = .
 *(.ARM.exidx*)
 .ARM.exidx     0x000000000800c008        0x8 C:/ST/STM32CubeIDE_1.14.0/STM32CubeIDE/plugins/com.st.stm32cube.ide.mcu.externaltools.gnu-tools-for-stm32.11.3.rel1.win32_1.1.100.202309141235/tools/bin/../lib/gcc/arm-none-eabi/11.3.1/thumb/v7e-m+fp/hard\libgcc.a(_udivmoddi4.o)
                0x000000000800c010                __exidx_end = .
                0x000000000800c010                . = ALIGN (0x4)

.rel.dyn        0x000000000800c010        0x0
 .rel.iplt      0x000000000800c010        0x0 C:/ST/STM32CubeIDE_1.14.0/STM32CubeIDE/plugins/com.st.stm32cube.ide.mcu.externaltools.gnu-tools-for-stm32.11.3.rel1.win32_1.1.100.202309141235/tools/bin/../lib/gcc/arm-none-eabi/11.3.1/thumb/v7e-m+fp/hard/crtbegin.o

.preinit_array  0x000000000800c010        0x0
                0x000000000800c010                . = ALIGN (0x4)
                0x000000000800c010                PROVIDE (__preinit_array_start = .)
 *(.preinit_array*)
                0x000000000800c010                PROVIDE (__preinit_array_end = .)
                0x000000000800c010                . = ALIGN (0x4)

.init_array     0x000000000800c010        0x4
                0x000000000800c010                . = ALIGN (0x4)
                0x000000000800c010                PROVIDE (__init_array_start = .)
 *(SORT_BY_NAME(.init_array.*))
 *(.init_array*)
 .init_array    0x000000000800c010        0x4 C:/ST/STM32CubeIDE_1.14.0/STM32CubeIDE/plugins/com.st.stm32cube.ide.mcu.externaltools.gnu-tools-for-stm32.11.3.rel1.win32_1.1.100.202309141235/tools/bin/../lib/gcc/arm-none-eabi/11.3.1/thumb/v7e-m+fp/hard/crtbegin.o
                0x000000000800c014                PROVIDE (__init_array_end = .)
                0x000000000800c014                . = ALIGN (0x4)

.fini_array     0x000000000800c014        0x4
                0x000000000800c014                . = ALIGN (0x4)
                [!provide]                        PROVIDE (__fini_array_start = .)
 *(SORT_BY_NAME(.fini_array.*))
 *(.fini_array*)
 .fini_array    0x000000000800c014        0x4 C:/ST/STM32CubeIDE_1.14.0/STM32CubeIDE/plugins/com.st.stm32cube.ide.mcu.externaltools.gnu-tools-for-stm32.11.3.rel1.win32_1.1.100.202309141235/tools/bin/../lib/gcc/arm-none-eabi/11.3.1/thumb/v7e-m+fp/hard/crtbegin.o
                [!provide]                        PROVIDE (__fini_array_end = .)
                0x000000000800c018                . = ALIGN (0x4)
                0x000000000800c018                _sidata = LOADADDR (.data)

.data           0x0000000020000000      0x1dc load address 0x000000000800c018
                0x0000000020000000                . = ALIGN (0x4)
                0x0000000020000000                _sdata = .
 *(.data)
 *(.data*)
 .data.SystemCoreClock
                0x0000000020000000        0x4 ./src/bsp/system_stm32g4xx.o
                0x0000000020000000                SystemCoreClock
 .data.uwTickPrio
                0x0000000020000004        0x4 ./src/lib/cube_g474/Drivers/STM32G4xx_HAL_Driver/Src/stm32g4xx_hal.o
                0x0000000020000004                uwTickPrio
 .data.uwTickFreq
                0x0000000020000008        0x4 ./src/lib/cube_g474/Drivers/STM32G4xx_HAL_Driver/Src/stm32g4xx_hal.o
                0x0000000020000008                uwTickFreq
 .data.USBD_CDC_DeviceQualifierDesc
                0x000000002000000c        0xa ./src/lib/cube_g474/Middlewares/ST/STM32_USB_Device_Library/Class/CDC/Src/usbd_cdc.o
 *fill*         0x0000000020000016        0x2 
 .data.USBD_CDC
                0x0000000020000018       0x38 ./src/lib/cube_g474/Middlewares/ST/STM32_USB_Device_Library/Class/CDC/Src/usbd_cdc.o
                0x0000000020000018                USBD_CDC
 .data.USBD_CDC_CfgHSDesc
                0x0000000020000050       0x43 ./src/lib/cube_g474/Middlewares/ST/STM32_USB_Device_Library/Class/CDC/Src/usbd_cdc.o
 *fill*         0x0000000020000093        0x1 
 .data.USBD_CDC_CfgFSDesc
                0x0000000020000094       0x43 ./src/lib/cube_g474/Middlewares/ST/STM32_USB_Device_Library/Class/CDC/Src/usbd_cdc.o
 *fill*         0x00000000200000d7        0x1 
 .data.USBD_CDC_OtherSpeedCfgDesc
                0x00000000200000d8       0x43 ./src/lib/cube_g474/Middlewares/ST/STM32_USB_Device_Library/Class/CDC/Src/usbd_cdc.o
 *fill*         0x000000002000011b        0x1 
 .data.LineCoding
                0x000000002000011c        0x8 ./src/lib/cube_g474/USB_Device/App/usbd_cdc_if.o
                0x000000002000011c                LineCoding
 .data.USBD_Interface_fops_FS
                0x0000000020000124       0x14 ./src/lib/cube_g474/USB_Device/App/usbd_cdc_if.o
                0x0000000020000124                USBD_Interface_fops_FS
 .data.CDC_Desc
                0x0000000020000138       0x20 ./src/lib/cube_g474/USB_Device/App/usbd_desc.o
                0x0000000020000138                CDC_Desc
 .data.USBD_CDC_DeviceDesc
                0x0000000020000158       0x12 ./src/lib/cube_g474/USB_Device/App/usbd_desc.o
                0x0000000020000158                USBD_CDC_DeviceDesc
 *fill*         0x000000002000016a        0x2 
 .data.USBD_LangIDDesc
                0x000000002000016c        0x4 ./src/lib/cube_g474/USB_Device/App/usbd_desc.o
                0x000000002000016c                USBD_LangIDDesc
 .data.USBD_StringSerial
                0x0000000020000170       0x1a ./src/lib/cube_g474/USB_Device/App/usbd_desc.o
                0x0000000020000170                USBD_StringSerial
 *fill*         0x000000002000018a        0x2 
 .data._impure_data
                0x000000002000018c       0x4c C:/ST/STM32CubeIDE_1.14.0/STM32CubeIDE/plugins/com.st.stm32cube.ide.mcu.externaltools.gnu-tools-for-stm32.11.3.rel1.win32_1.1.100.202309141235/tools/bin/../lib/gcc/arm-none-eabi/11.3.1/../../../../arm-none-eabi/lib/thumb/v7e-m+fp/hard\libc_nano.a(libc_a-impure.o)
                0x000000002000018c                _impure_data
 .data._impure_ptr
                0x00000000200001d8        0x4 C:/ST/STM32CubeIDE_1.14.0/STM32CubeIDE/plugins/com.st.stm32cube.ide.mcu.externaltools.gnu-tools-for-stm32.11.3.rel1.win32_1.1.100.202309141235/tools/bin/../lib/gcc/arm-none-eabi/11.3.1/../../../../arm-none-eabi/lib/thumb/v7e-m+fp/hard\libc_nano.a(libc_a-impure.o)
                0x00000000200001d8                _impure_ptr
 *(.RamFunc)
 *(.RamFunc*)
                0x00000000200001dc                . = ALIGN (0x4)
                0x00000000200001dc                _edata = .
                0x000000000800c1f4                _siccmsram = LOADADDR (.ccmsram)

.igot.plt       0x00000000200001dc        0x0 load address 0x000000000800c1f4
 .igot.plt      0x00000000200001dc        0x0 C:/ST/STM32CubeIDE_1.14.0/STM32CubeIDE/plugins/com.st.stm32cube.ide.mcu.externaltools.gnu-tools-for-stm32.11.3.rel1.win32_1.1.100.202309141235/tools/bin/../lib/gcc/arm-none-eabi/11.3.1/thumb/v7e-m+fp/hard/crtbegin.o

.ccmsram        0x0000000010000000        0x0 load address 0x000000000800c1f4
                0x0000000010000000                . = ALIGN (0x4)
                0x0000000010000000                _sccmsram = .
 *(.ccmsram)
 *(.ccmsram*)
                0x0000000010000000                . = ALIGN (0x4)
                0x0000000010000000                _eccmsram = .
                0x0000000010000000                . = ALIGN (0x4)

.bss            0x00000000200001dc     0x2d4c
                0x00000000200001dc                _sbss = .
                0x00000000200001dc                __bss_start__ = _sbss
 *(.bss)
 .bss           0x00000000200001dc       0x1c C:/ST/STM32CubeIDE_1.14.0/STM32CubeIDE/plugins/com.st.stm32cube.ide.mcu.externaltools.gnu-tools-for-stm32.11.3.rel1.win32_1.1.100.202309141235/tools/bin/../lib/gcc/arm-none-eabi/11.3.1/thumb/v7e-m+fp/hard/crtbegin.o
 *(.bss*)
 .bss.__sbrk_heap_end
                0x00000000200001f8        0x4 ./src/bsp/sysmem.o
 .bss.is_init   0x00000000200001fc        0x1 ./src/hw/driver/cdc.o
 *fill*         0x00000000200001fd        0x3 
 .bss.reset_count
                0x0000000020000200        0x4 ./src/hw/driver/reset.o
 .bss.hrtc      0x0000000020000204       0x28 ./src/hw/driver/rtc.o
 .bss.is_open   0x000000002000022c        0x1 ./src/hw/driver/uart.o
 *fill*         0x000000002000022d        0x3 
 .bss.qbuffer   0x0000000020000230       0x14 ./src/hw/driver/uart.o
 .bss.rx_buf    0x0000000020000244      0x100 ./src/hw/driver/uart.o
 .bss.rx_data   0x0000000020000344        0x1 ./src/hw/driver/uart.o
 *fill*         0x0000000020000345        0x3 
 .bss.huart1    0x0000000020000348       0x94 ./src/hw/driver/uart.o
                0x0000000020000348                huart1
 .bss.is_init   0x00000000200003dc        0x1 ./src/hw/driver/usb.o
 .bss.is_usb_mode
                0x00000000200003dd        0x1 ./src/hw/driver/usb.o
 *fill*         0x00000000200003de        0x2 
 .bss.uwTick    0x00000000200003e0        0x4 ./src/lib/cube_g474/Drivers/STM32G4xx_HAL_Driver/Src/stm32g4xx_hal.o
                0x00000000200003e0                uwTick
 .bss.cfgidx.0  0x00000000200003e4        0x1 ./src/lib/cube_g474/Middlewares/ST/STM32_USB_Device_Library/Core/Src/usbd_ctlreq.o
 *fill*         0x00000000200003e5        0x3 
 .bss.hUsbDeviceFS
                0x00000000200003e8      0x2d0 ./src/lib/cube_g474/USB_Device/App/usb_device.o
                0x00000000200003e8                hUsbDeviceFS
 .bss.q_rx      0x00000000200006b8       0x14 ./src/lib/cube_g474/USB_Device/App/usbd_cdc_if.o
 .bss.q_tx      0x00000000200006cc       0x14 ./src/lib/cube_g474/USB_Device/App/usbd_cdc_if.o
 .bss.q_rx_buf  0x00000000200006e0      0x800 ./src/lib/cube_g474/USB_Device/App/usbd_cdc_if.o
 .bss.q_tx_buf  0x0000000020000ee0      0x800 ./src/lib/cube_g474/USB_Device/App/usbd_cdc_if.o
 .bss.is_opened
                0x00000000200016e0        0x1 ./src/lib/cube_g474/USB_Device/App/usbd_cdc_if.o
 .bss.is_rx_full
                0x00000000200016e1        0x1 ./src/lib/cube_g474/USB_Device/App/usbd_cdc_if.o
 *fill*         0x00000000200016e2        0x2 
 .bss.UserRxBufferFS
                0x00000000200016e4      0x800 ./src/lib/cube_g474/USB_Device/App/usbd_cdc_if.o
                0x00000000200016e4                UserRxBufferFS
 .bss.UserTxBufferFS
                0x0000000020001ee4      0x800 ./src/lib/cube_g474/USB_Device/App/usbd_cdc_if.o
                0x0000000020001ee4                UserTxBufferFS
 .bss.USBD_StrDesc
                0x00000000200026e4      0x200 ./src/lib/cube_g474/USB_Device/App/usbd_desc.o
                0x00000000200026e4                USBD_StrDesc
 .bss.hpcd_USB_FS
                0x00000000200028e4      0x2dc ./src/lib/cube_g474/USB_Device/Target/usbd_conf.o
                0x00000000200028e4                hpcd_USB_FS
 .bss.mem.0     0x0000000020002bc0      0x220 ./src/lib/cube_g474/USB_Device/Target/usbd_conf.o
 .bss.__sf      0x0000000020002de0      0x138 C:/ST/STM32CubeIDE_1.14.0/STM32CubeIDE/plugins/com.st.stm32cube.ide.mcu.externaltools.gnu-tools-for-stm32.11.3.rel1.win32_1.1.100.202309141235/tools/bin/../lib/gcc/arm-none-eabi/11.3.1/../../../../arm-none-eabi/lib/thumb/v7e-m+fp/hard\libc_nano.a(libc_a-findfp.o)
                0x0000000020002de0                __sf
 .bss.errno     0x0000000020002f18        0x4 C:/ST/STM32CubeIDE_1.14.0/STM32CubeIDE/plugins/com.st.stm32cube.ide.mcu.externaltools.gnu-tools-for-stm32.11.3.rel1.win32_1.1.100.202309141235/tools/bin/../lib/gcc/arm-none-eabi/11.3.1/../../../../arm-none-eabi/lib/thumb/v7e-m+fp/hard\libc_nano.a(libc_a-reent.o)
                0x0000000020002f18                errno
 .bss.__lock___malloc_recursive_mutex
                0x0000000020002f1c        0x1 C:/ST/STM32CubeIDE_1.14.0/STM32CubeIDE/plugins/com.st.stm32cube.ide.mcu.externaltools.gnu-tools-for-stm32.11.3.rel1.win32_1.1.100.202309141235/tools/bin/../lib/gcc/arm-none-eabi/11.3.1/../../../../arm-none-eabi/lib/thumb/v7e-m+fp/hard\libc_nano.a(libc_a-lock.o)
                0x0000000020002f1c                __lock___malloc_recursive_mutex
 *fill*         0x0000000020002f1d        0x3 
 .bss.__malloc_free_list
                0x0000000020002f20        0x4 C:/ST/STM32CubeIDE_1.14.0/STM32CubeIDE/plugins/com.st.stm32cube.ide.mcu.externaltools.gnu-tools-for-stm32.11.3.rel1.win32_1.1.100.202309141235/tools/bin/../lib/gcc/arm-none-eabi/11.3.1/../../../../arm-none-eabi/lib/thumb/v7e-m+fp/hard\libc_nano.a(libc_a-mallocr.o)
                0x0000000020002f20                __malloc_free_list
 .bss.__malloc_sbrk_start
                0x0000000020002f24        0x4 C:/ST/STM32CubeIDE_1.14.0/STM32CubeIDE/plugins/com.st.stm32cube.ide.mcu.externaltools.gnu-tools-for-stm32.11.3.rel1.win32_1.1.100.202309141235/tools/bin/../lib/gcc/arm-none-eabi/11.3.1/../../../../arm-none-eabi/lib/thumb/v7e-m+fp/hard\libc_nano.a(libc_a-mallocr.o)
                0x0000000020002f24                __malloc_sbrk_start
 *(COMMON)
                0x0000000020002f28                . = ALIGN (0x4)
                0x0000000020002f28                _ebss = .
                0x0000000020002f28                __bss_end__ = _ebss

._user_heap_stack
                0x0000000020002f28      0x600
                0x0000000020002f28                . = ALIGN (0x8)
                [!provide]                        PROVIDE (end = .)
                0x0000000020002f28                PROVIDE (_end = .)
                0x0000000020003128                . = (. + _Min_Heap_Size)
 *fill*         0x0000000020002f28      0x200 
                0x0000000020003528                . = (. + _Min_Stack_Size)
 *fill*         0x0000000020003128      0x400 
                0x0000000020003528                . = ALIGN (0x8)

/DISCARD/
 libc.a(*)
 libm.a(*)
 libgcc.a(*)

.ARM.attributes
                0x0000000000000000       0x30
 *(.ARM.attributes)
 .ARM.attributes
                0x0000000000000000       0x1e C:/ST/STM32CubeIDE_1.14.0/STM32CubeIDE/plugins/com.st.stm32cube.ide.mcu.externaltools.gnu-tools-for-stm32.11.3.rel1.win32_1.1.100.202309141235/tools/bin/../lib/gcc/arm-none-eabi/11.3.1/thumb/v7e-m+fp/hard/crti.o
 .ARM.attributes
                0x000000000000001e       0x34 C:/ST/STM32CubeIDE_1.14.0/STM32CubeIDE/plugins/com.st.stm32cube.ide.mcu.externaltools.gnu-tools-for-stm32.11.3.rel1.win32_1.1.100.202309141235/tools/bin/../lib/gcc/arm-none-eabi/11.3.1/thumb/v7e-m+fp/hard/crtbegin.o
 .ARM.attributes
                0x0000000000000052       0x34 ./src/ap/ap.o
 .ARM.attributes
                0x0000000000000086       0x34 ./src/bsp/bsp.o
 .ARM.attributes
                0x00000000000000ba       0x34 ./src/bsp/stm32g4xx_hal_msp.o
 .ARM.attributes
                0x00000000000000ee       0x34 ./src/bsp/stm32g4xx_it.o
 .ARM.attributes
                0x0000000000000122       0x34 ./src/bsp/sysmem.o
 .ARM.attributes
                0x0000000000000156       0x34 ./src/bsp/system_stm32g4xx.o
 .ARM.attributes
                0x000000000000018a       0x21 ./src/bsp/startup/startup_stm32g474retx.o
 .ARM.attributes
                0x00000000000001ab       0x34 ./src/common/core/qbuffer.o
 .ARM.attributes
                0x00000000000001df       0x34 ./src/hw/driver/cdc.o
 .ARM.attributes
                0x0000000000000213       0x34 ./src/hw/driver/led.o
 .ARM.attributes
                0x0000000000000247       0x34 ./src/hw/driver/reset.o
 .ARM.attributes
                0x000000000000027b       0x34 ./src/hw/driver/rtc.o
 .ARM.attributes
                0x00000000000002af       0x34 ./src/hw/driver/uart.o
 .ARM.attributes
                0x00000000000002e3       0x34 ./src/hw/driver/usb.o
 .ARM.attributes
                0x0000000000000317       0x34 ./src/hw/hw.o
 .ARM.attributes
                0x000000000000034b       0x34 ./src/lib/cube_g474/Drivers/STM32G4xx_HAL_Driver/Src/stm32g4xx_hal.o
 .ARM.attributes
                0x000000000000037f       0x34 ./src/lib/cube_g474/Drivers/STM32G4xx_HAL_Driver/Src/stm32g4xx_hal_cortex.o
 .ARM.attributes
                0x00000000000003b3       0x34 ./src/lib/cube_g474/Drivers/STM32G4xx_HAL_Driver/Src/stm32g4xx_hal_dma.o
 .ARM.attributes
                0x00000000000003e7       0x34 ./src/lib/cube_g474/Drivers/STM32G4xx_HAL_Driver/Src/stm32g4xx_hal_gpio.o
 .ARM.attributes
                0x000000000000041b       0x34 ./src/lib/cube_g474/Drivers/STM32G4xx_HAL_Driver/Src/stm32g4xx_hal_pcd.o
 .ARM.attributes
                0x000000000000044f       0x34 ./src/lib/cube_g474/Drivers/STM32G4xx_HAL_Driver/Src/stm32g4xx_hal_pcd_ex.o
 .ARM.attributes
                0x0000000000000483       0x34 ./src/lib/cube_g474/Drivers/STM32G4xx_HAL_Driver/Src/stm32g4xx_hal_pwr_ex.o
 .ARM.attributes
                0x00000000000004b7       0x34 ./src/lib/cube_g474/Drivers/STM32G4xx_HAL_Driver/Src/stm32g4xx_hal_rcc.o
 .ARM.attributes
                0x00000000000004eb       0x34 ./src/lib/cube_g474/Drivers/STM32G4xx_HAL_Driver/Src/stm32g4xx_hal_rcc_ex.o
 .ARM.attributes
                0x000000000000051f       0x34 ./src/lib/cube_g474/Drivers/STM32G4xx_HAL_Driver/Src/stm32g4xx_hal_rtc.o
 .ARM.attributes
                0x0000000000000553       0x34 ./src/lib/cube_g474/Drivers/STM32G4xx_HAL_Driver/Src/stm32g4xx_hal_rtc_ex.o
 .ARM.attributes
                0x0000000000000587       0x34 ./src/lib/cube_g474/Drivers/STM32G4xx_HAL_Driver/Src/stm32g4xx_hal_uart.o
 .ARM.attributes
                0x00000000000005bb       0x34 ./src/lib/cube_g474/Drivers/STM32G4xx_HAL_Driver/Src/stm32g4xx_hal_uart_ex.o
 .ARM.attributes
                0x00000000000005ef       0x34 ./src/lib/cube_g474/Drivers/STM32G4xx_HAL_Driver/Src/stm32g4xx_ll_usb.o
 .ARM.attributes
                0x0000000000000623       0x34 ./src/lib/cube_g474/Middlewares/ST/STM32_USB_Device_Library/Class/CDC/Src/usbd_cdc.o
 .ARM.attributes
                0x0000000000000657       0x34 ./src/lib/cube_g474/Middlewares/ST/STM32_USB_Device_Library/Core/Src/usbd_core.o
 .ARM.attributes
                0x000000000000068b       0x34 ./src/lib/cube_g474/Middlewares/ST/STM32_USB_Device_Library/Core/Src/usbd_ctlreq.o
 .ARM.attributes
                0x00000000000006bf       0x34 ./src/lib/cube_g474/Middlewares/ST/STM32_USB_Device_Library/Core/Src/usbd_ioreq.o
 .ARM.attributes
                0x00000000000006f3       0x34 ./src/lib/cube_g474/USB_Device/App/usb_device.o
 .ARM.attributes
                0x0000000000000727       0x34 ./src/lib/cube_g474/USB_Device/App/usbd_cdc_if.o
 .ARM.attributes
                0x000000000000075b       0x34 ./src/lib/cube_g474/USB_Device/App/usbd_desc.o
 .ARM.attributes
                0x000000000000078f       0x34 ./src/lib/cube_g474/USB_Device/Target/usbd_conf.o
 .ARM.attributes
                0x00000000000007c3       0x34 ./src/main.o
 .ARM.attributes
                0x00000000000007f7       0x34 C:/ST/STM32CubeIDE_1.14.0/STM32CubeIDE/plugins/com.st.stm32cube.ide.mcu.externaltools.gnu-tools-for-stm32.11.3.rel1.win32_1.1.100.202309141235/tools/bin/../lib/gcc/arm-none-eabi/11.3.1/../../../../arm-none-eabi/lib/thumb/v7e-m+fp/hard\libc_nano.a(libc_a-findfp.o)
 .ARM.attributes
                0x000000000000082b       0x34 C:/ST/STM32CubeIDE_1.14.0/STM32CubeIDE/plugins/com.st.stm32cube.ide.mcu.externaltools.gnu-tools-for-stm32.11.3.rel1.win32_1.1.100.202309141235/tools/bin/../lib/gcc/arm-none-eabi/11.3.1/../../../../arm-none-eabi/lib/thumb/v7e-m+fp/hard\libc_nano.a(libc_a-vsnprintf.o)
 .ARM.attributes
                0x000000000000085f       0x34 C:/ST/STM32CubeIDE_1.14.0/STM32CubeIDE/plugins/com.st.stm32cube.ide.mcu.externaltools.gnu-tools-for-stm32.11.3.rel1.win32_1.1.100.202309141235/tools/bin/../lib/gcc/arm-none-eabi/11.3.1/../../../../arm-none-eabi/lib/thumb/v7e-m+fp/hard\libc_nano.a(libc_a-memset.o)
 .ARM.attributes
                0x0000000000000893       0x34 C:/ST/STM32CubeIDE_1.14.0/STM32CubeIDE/plugins/com.st.stm32cube.ide.mcu.externaltools.gnu-tools-for-stm32.11.3.rel1.win32_1.1.100.202309141235/tools/bin/../lib/gcc/arm-none-eabi/11.3.1/../../../../arm-none-eabi/lib/thumb/v7e-m+fp/hard\libc_nano.a(libc_a-reent.o)
 .ARM.attributes
                0x00000000000008c7       0x34 C:/ST/STM32CubeIDE_1.14.0/STM32CubeIDE/plugins/com.st.stm32cube.ide.mcu.externaltools.gnu-tools-for-stm32.11.3.rel1.win32_1.1.100.202309141235/tools/bin/../lib/gcc/arm-none-eabi/11.3.1/../../../../arm-none-eabi/lib/thumb/v7e-m+fp/hard\libc_nano.a(libc_a-impure.o)
 .ARM.attributes
                0x00000000000008fb       0x34 C:/ST/STM32CubeIDE_1.14.0/STM32CubeIDE/plugins/com.st.stm32cube.ide.mcu.externaltools.gnu-tools-for-stm32.11.3.rel1.win32_1.1.100.202309141235/tools/bin/../lib/gcc/arm-none-eabi/11.3.1/../../../../arm-none-eabi/lib/thumb/v7e-m+fp/hard\libc_nano.a(libc_a-errno.o)
 .ARM.attributes
                0x000000000000092f       0x34 C:/ST/STM32CubeIDE_1.14.0/STM32CubeIDE/plugins/com.st.stm32cube.ide.mcu.externaltools.gnu-tools-for-stm32.11.3.rel1.win32_1.1.100.202309141235/tools/bin/../lib/gcc/arm-none-eabi/11.3.1/../../../../arm-none-eabi/lib/thumb/v7e-m+fp/hard\libc_nano.a(libc_a-init.o)
 .ARM.attributes
                0x0000000000000963       0x34 C:/ST/STM32CubeIDE_1.14.0/STM32CubeIDE/plugins/com.st.stm32cube.ide.mcu.externaltools.gnu-tools-for-stm32.11.3.rel1.win32_1.1.100.202309141235/tools/bin/../lib/gcc/arm-none-eabi/11.3.1/../../../../arm-none-eabi/lib/thumb/v7e-m+fp/hard\libc_nano.a(libc_a-lock.o)
 .ARM.attributes
                0x0000000000000997       0x34 C:/ST/STM32CubeIDE_1.14.0/STM32CubeIDE/plugins/com.st.stm32cube.ide.mcu.externaltools.gnu-tools-for-stm32.11.3.rel1.win32_1.1.100.202309141235/tools/bin/../lib/gcc/arm-none-eabi/11.3.1/../../../../arm-none-eabi/lib/thumb/v7e-m+fp/hard\libc_nano.a(libc_a-freer.o)
 .ARM.attributes
                0x00000000000009cb       0x34 C:/ST/STM32CubeIDE_1.14.0/STM32CubeIDE/plugins/com.st.stm32cube.ide.mcu.externaltools.gnu-tools-for-stm32.11.3.rel1.win32_1.1.100.202309141235/tools/bin/../lib/gcc/arm-none-eabi/11.3.1/../../../../arm-none-eabi/lib/thumb/v7e-m+fp/hard\libc_nano.a(libc_a-mallocr.o)
 .ARM.attributes
                0x00000000000009ff       0x34 C:/ST/STM32CubeIDE_1.14.0/STM32CubeIDE/plugins/com.st.stm32cube.ide.mcu.externaltools.gnu-tools-for-stm32.11.3.rel1.win32_1.1.100.202309141235/tools/bin/../lib/gcc/arm-none-eabi/11.3.1/../../../../arm-none-eabi/lib/thumb/v7e-m+fp/hard\libc_nano.a(libc_a-mlock.o)
 .ARM.attributes
                0x0000000000000a33       0x34 C:/ST/STM32CubeIDE_1.14.0/STM32CubeIDE/plugins/com.st.stm32cube.ide.mcu.externaltools.gnu-tools-for-stm32.11.3.rel1.win32_1.1.100.202309141235/tools/bin/../lib/gcc/arm-none-eabi/11.3.1/../../../../arm-none-eabi/lib/thumb/v7e-m+fp/hard\libc_nano.a(libc_a-nano-svfprintf.o)
 .ARM.attributes