../src/lib/cube_g474/USB_Device/App/usbd_cdc_if.c:168:15:CDC_Init_FS	8	static
../src/lib/cube_g474/USB_Device/App/usbd_cdc_if.c:182:15:CDC_DeInit_FS	4	static
../src/lib/cube_g474/USB_Device/App/usbd_cdc_if.c:196:15:CDC_Control_FS	24	static
../src/lib/cube_g474/USB_Device/App/usbd_cdc_if.c:294:15:CDC_Receive_FS	32	static
../src/lib/cube_g474/USB_Device/App/usbd_cdc_if.c:329:9:CDC_Transmit_FS	24	static
../src/lib/cube_g474/USB_Device/App/usbd_cdc_if.c:355:15:CDC_TransmitCplt_FS	32	static
../src/lib/cube_g474/USB_Device/App/usbd_cdc_if.c:367:6:cdcIfInit	8	static
../src/lib/cube_g474/USB_Device/App/usbd_cdc_if.c:376:10:cdcIfAvailable	8	static
../src/lib/cube_g474/USB_Device/App/usbd_cdc_if.c:381:9:cdcIfRead	16	static
../src/lib/cube_g474/USB_Device/App/usbd_cdc_if.c:390:10:cdcIfWrite	40	static
../src/lib/cube_g474/USB_Device/App/usbd_cdc_if.c:435:10:cdcIfGetBaud	4	static
../src/lib/cube_g474/USB_Device/App/usbd_cdc_if.c:440:6:cdcIfIsConnected	4	static
../src/lib/cube_g474/USB_Device/App/usbd_cdc_if.c:463:9:CDC_SoF_ISR	40	static
