../src/hw/driver/button.c:69:6:buttonInit	56	static
../src/hw/driver/button.c:124:7:buttonEventInit	24	static
../src/hw/driver/button.c:144:6:buttonISR	40	static
../src/hw/driver/button.c:232:6:buttonGetPin	24	static
../src/hw/driver/button.c:250:6:buttonClear	16	static
../src/hw/driver/button.c:264:6:buttonEnable	16	static
../src/hw/driver/button.c:270:6:buttonGetPressed	16	static
../src/hw/driver/button.c:281:10:buttonGetData	16	static
../src/hw/driver/button.c:294:13:buttonGetName	16	static
../src/hw/driver/button.c:301:10:buttonGetPressedCount	16	static
../src/hw/driver/button.c:317:6:buttonSetRepeatTime	24	static
../src/hw/driver/button.c:330:10:buttonGetRepeatCount	24	static
../src/hw/driver/button.c:341:10:buttonGetPressedTime	24	static
../src/hw/driver/button.c:355:6:button_GetReleased	24	static
../src/hw/driver/button.c:367:10:buttonGetReleasedTime	24	static
../src/hw/driver/button.c:380:6:buttonEventClear	24	static
../src/hw/driver/button.c:395:6:button_EventGetReleased	24	static
../src/hw/driver/button.c:410:6:buttonEventGetPressed	24	static
../src/hw/driver/button.c:425:10:buttonEventGetRepeat	24	static
../src/hw/driver/button.c:442:6:cliButton	48	static
