../src/hw/driver/button.c:63:6:buttonInit	48	static
../src/hw/driver/button.c:103:7:buttonEventInit	24	static
../src/hw/driver/button.c:123:6:buttonISR	40	static
../src/hw/driver/button.c:211:6:buttonGetPin	24	static
../src/hw/driver/button.c:229:6:buttonClear	16	static
../src/hw/driver/button.c:243:6:buttonEnable	16	static
../src/hw/driver/button.c:249:6:buttonGetPressed	16	static
../src/hw/driver/button.c:260:10:buttonGetData	16	static
../src/hw/driver/button.c:273:13:buttonGetName	16	static
../src/hw/driver/button.c:280:10:buttonGetPressedCount	16	static
../src/hw/driver/button.c:296:6:buttonSetRepeatTime	24	static
../src/hw/driver/button.c:309:10:buttonGetRepeatCount	24	static
../src/hw/driver/button.c:320:10:buttonGetPressedTime	24	static
../src/hw/driver/button.c:334:6:button_GetReleased	24	static
../src/hw/driver/button.c:346:10:buttonGetReleasedTime	24	static
../src/hw/driver/button.c:359:6:buttonEventClear	24	static
../src/hw/driver/button.c:374:6:button_EventGetReleased	24	static
../src/hw/driver/button.c:389:6:buttonEventGetPressed	24	static
../src/hw/driver/button.c:404:10:buttonEventGetRepeat	24	static
