../src/hw/driver/cli.c:109:6:cliInit	8	static
../src/hw/driver/cli.c:134:6:cliOpen	16	static
../src/hw/driver/cli.c:144:6:cliOpenLog	24	static
../src/hw/driver/cli.c:160:6:cliLogClose	4	static
../src/hw/driver/cli.c:166:6:cliShowLog	24	static
../src/hw/driver/cli.c:186:6:cliShowPrompt	16	static
../src/hw/driver/cli.c:192:6:cliMain	8	static
../src/hw/driver/cli.c:207:10:cliAvailable	8	static
../src/hw/driver/cli.c:212:9:cliRead	8	static
../src/hw/driver/cli.c:217:10:cliWrite	16	static
../src/hw/driver/cli.c:222:6:cliUpdate	56	static
../src/hw/driver/cli.c:432:6:cliLineClean	16	static
../src/hw/driver/cli.c:440:6:cliLineAdd	16	static
../src/hw/driver/cli.c:455:6:cliLineChange	24	static
../src/hw/driver/cli.c:497:6:cliRunCmd	24	static
../src/hw/driver/cli.c:523:6:cliParseArgs	40	static
../src/hw/driver/cli.c:555:6:cliPrintf	24	static
../src/hw/driver/cli.c:569:6:cliToUpper	24	static
../src/hw/driver/cli.c:596:9:cliArgsGetData	24	static
../src/hw/driver/cli.c:612:7:cliArgsGetFloat	24	static
../src/hw/driver/cli.c:628:7:cliArgsGetStr	24	static
../src/hw/driver/cli.c:644:6:cliArgsIsStr	24	static
../src/hw/driver/cli.c:663:6:cliKeepLoop	16	static
../src/hw/driver/cli.c:678:6:cliAdd	32	static
../src/hw/driver/cli.c:701:6:cliShowList	24	static
../src/hw/driver/cli.c:718:6:cliMemoryDump	56	static
